02-20 15:22:02.490 W/tomator2.serve(16096): ClassLoaderContext classpath size mismatch. expected=0, found=4 (PCL[] | PCL[/system/framework/android.test.runner.jar*3312018701:/system/framework/android.test.mock.jar*3601177991:/data/app/io.appium.uiautomator2.server.test-TuU4EEboJew5VQRdlaKyKg==/base.apk*809781538:/data/app/io.appium.uiautomator2.server.test-TuU4EEboJew5VQRdlaKyKg==/base.apk!classes2.dex*4010845360];PCL[/system/framework/android.test.runner.jar*3312018701:/system/framework/android.test.mock.jar*3601177991:/data/app/io.appium.uiautomator2.server.test-TuU4EEboJew5VQRdlaKyKg==/base.apk*809781538:/data/app/io.appium.uiautomator2.server.test-TuU4EEboJew5VQRdlaKyKg==/base.apk!classes2.dex*4010845360:/data/app/io.appium.uiautomator2.server-g8YJgTuXjGCqBaFbS30V9Q==/base.apk*3298127340:/data/app/io.appium.uiautomator2.server-g8YJgTuXjGCqBaFbS30V9Q==/base.apk!classes2.dex*799548724:/system/framework/org.apache.http.legacy.jar*873065378])
02-20 15:22:02.490 W/tomator2.serve(16096): Found duplicate classes, falling back to extracting from APK : /data/app/io.appium.uiautomator2.server-g8YJgTuXjGCqBaFbS30V9Q==/base.apk
02-20 15:22:02.490 W/tomator2.serve(16096): NOTE: This wastes RAM and hurts startup performance.
02-20 15:22:02.490 W/tomator2.serve(16096): Found duplicated class when checking oat files: 'Landroid_libs/ub_uiautomator/R;' in /data/app/io.appium.uiautomator2.server-g8YJgTuXjGCqBaFbS30V9Q==/base.apk!classes2.dex and /data/app/io.appium.uiautomator2.server-g8YJgTuXjGCqBaFbS30V9Q==/base.apk!classes2.dex
02-20 15:22:02.490 W/tomator2.serve(16096): 
02-20 15:22:02.586 I/tomator2.serve(16096): The ClassLoaderContext is a special shared library.
02-20 15:22:02.593 W/tomator2.serve(16096): Accessing hidden method Landroid/app/Instrumentation;->execStartActivity(Landroid/content/Context;Landroid/os/IBinder;Landroid/os/IBinder;Landroid/app/Activity;Landroid/content/Intent;ILandroid/os/Bundle;)Landroid/app/Instrumentation$ActivityResult; (greylist, linking, allowed)
02-20 15:22:02.593 W/tomator2.serve(16096): Accessing hidden method Landroid/app/Instrumentation;->execStartActivity(Landroid/content/Context;Landroid/os/IBinder;Landroid/os/IBinder;Ljava/lang/String;Landroid/content/Intent;ILandroid/os/Bundle;)Landroid/app/Instrumentation$ActivityResult; (greylist, linking, allowed)
02-20 15:22:02.598 I/MonitoringInstr(16096): Instrumentation started!
02-20 15:22:02.611 I/MonitoringInstr(16096): No JSBridge.
02-20 15:22:02.613 E/VPerformance(16096): Fail to get file list io.appium.uiautomator2.server
02-20 15:22:02.613 E/VPerformance(16096): Fail to get file list io.appium.uiautomator2.server
02-20 15:22:02.614 E/VPerformance(16096): Fail to get file list oat
02-20 15:22:02.649 I/UsageTrackerFacilitator(16096): Usage tracking disabled
02-20 15:22:02.655 I/TestRequestBuilder(16096): Scanning classpath to find tests in paths [/data/app/io.appium.uiautomator2.server.test-TuU4EEboJew5VQRdlaKyKg==/base.apk]
02-20 15:22:02.656 W/tomator2.serve(16096): Opening an oat file without a class loader. Are you using the deprecated DexFile APIs?
02-20 15:22:02.862 D/TestExecutor(16096): Adding listener androidx.test.internal.runner.listener.LogRunListener
02-20 15:22:02.863 D/TestExecutor(16096): Adding listener androidx.test.internal.runner.listener.InstrumentationResultPrinter
02-20 15:22:02.863 D/TestExecutor(16096): Adding listener androidx.test.internal.runner.listener.ActivityFinisherRunListener
02-20 15:22:02.864 I/TestRunner(16096): run started: 1 tests
02-20 15:22:02.866 I/TestRunner(16096): started: startServer(io.appium.uiautomator2.server.test.AppiumUiAutomator2Server)
02-20 15:22:02.870 I/appium  (16096): [AppiumUiAutomator2Server] Starting Server
02-20 15:22:03.872 I/appium  (16096): Starting MJPEG Server
02-20 15:22:03.935 I/appium  (16096): MJPEG Server started
02-20 15:22:03.941 I/appium  (16096): ServerSocket created on port 7810
02-20 15:22:03.970 I/appium  (16096): AndroidServer created on port 6790
02-20 15:22:03.971 I/appium  (16096): io.appium.uiautomator2.server started:
02-20 15:22:03.988 I/appium  (16096): Started UiAutomator2 io.appium.uiautomator2.http io.appium.uiautomator2.server on port 6790
02-20 15:22:04.050 W/tomator2.serve(16096): Accessing hidden method Lsun/misc/Unsafe;->allocateMemory(J)J (greylist, linking, allowed)
02-20 15:22:04.051 W/tomator2.serve(16096): Accessing hidden method Lsun/misc/Unsafe;->freeMemory(J)V (greylist, linking, allowed)
02-20 15:22:04.051 W/tomator2.serve(16096): Accessing hidden method Lsun/misc/Unsafe;->addressSize()I (greylist, linking, allowed)
02-20 15:22:04.051 W/tomator2.serve(16096): Accessing hidden method Lsun/misc/Unsafe;->arrayBaseOffset(Ljava/lang/Class;)I (greylist,core-platform-api, linking, allowed)
02-20 15:22:04.051 W/tomator2.serve(16096): Accessing hidden method Lsun/misc/Unsafe;->copyMemory(JJJ)V (greylist, linking, allowed)
02-20 15:22:04.051 W/tomator2.serve(16096): Accessing hidden method Lsun/misc/Unsafe;->getByte(J)B (greylist,core-platform-api, linking, allowed)
02-20 15:22:04.051 W/tomator2.serve(16096): Accessing hidden method Lsun/misc/Unsafe;->getByte(Ljava/lang/Object;J)B (greylist,core-platform-api, linking, allowed)
02-20 15:22:04.051 W/tomator2.serve(16096): Accessing hidden method Lsun/misc/Unsafe;->getInt(J)I (greylist, linking, allowed)
02-20 15:22:04.051 W/tomator2.serve(16096): Accessing hidden method Lsun/misc/Unsafe;->getInt(Ljava/lang/Object;J)I (greylist, linking, allowed)
02-20 15:22:04.051 W/tomator2.serve(16096): Accessing hidden method Lsun/misc/Unsafe;->getLong(J)J (greylist,core-platform-api, linking, allowed)
02-20 15:22:04.051 W/tomator2.serve(16096): Accessing hidden method Lsun/misc/Unsafe;->getLong(Ljava/lang/Object;J)J (greylist,core-platform-api, linking, allowed)
02-20 15:22:04.051 W/tomator2.serve(16096): Accessing hidden method Lsun/misc/Unsafe;->getObject(Ljava/lang/Object;J)Ljava/lang/Object; (greylist, linking, allowed)
02-20 15:22:04.051 W/tomator2.serve(16096): Accessing hidden method Lsun/misc/Unsafe;->getObjectVolatile(Ljava/lang/Object;J)Ljava/lang/Object; (greylist, linking, allowed)
02-20 15:22:04.051 W/tomator2.serve(16096): Accessing hidden method Lsun/misc/Unsafe;->getShort(J)S (greylist, linking, allowed)
02-20 15:22:04.051 W/tomator2.serve(16096): Accessing hidden method Lsun/misc/Unsafe;->getShort(Ljava/lang/Object;J)S (greylist, linking, allowed)
02-20 15:22:04.051 W/tomator2.serve(16096): Accessing hidden method Lsun/misc/Unsafe;->objectFieldOffset(Ljava/lang/reflect/Field;)J (greylist,core-platform-api, linking, allowed)
02-20 15:22:04.051 W/tomator2.serve(16096): Accessing hidden method Lsun/misc/Unsafe;->putByte(JB)V (greylist,core-platform-api, linking, allowed)
02-20 15:22:04.051 W/tomator2.serve(16096): Accessing hidden method Lsun/misc/Unsafe;->putByte(Ljava/lang/Object;JB)V (greylist,core-platform-api, linking, allowed)
02-20 15:22:04.051 W/tomator2.serve(16096): Accessing hidden method Lsun/misc/Unsafe;->putInt(JI)V (greylist, linking, allowed)
02-20 15:22:04.051 W/tomator2.serve(16096): Accessing hidden method Lsun/misc/Unsafe;->putInt(Ljava/lang/Object;JI)V (greylist, linking, allowed)
02-20 15:22:04.051 W/tomator2.serve(16096): Accessing hidden method Lsun/misc/Unsafe;->putLong(JJ)V (greylist, linking, allowed)
02-20 15:22:04.051 W/tomator2.serve(16096): Accessing hidden method Lsun/misc/Unsafe;->putLong(Ljava/lang/Object;JJ)V (greylist, linking, allowed)
02-20 15:22:04.051 W/tomator2.serve(16096): Accessing hidden method Lsun/misc/Unsafe;->putOrderedObject(Ljava/lang/Object;JLjava/lang/Object;)V (greylist, linking, allowed)
02-20 15:22:04.051 W/tomator2.serve(16096): Accessing hidden method Lsun/misc/Unsafe;->putShort(JS)V (greylist, linking, allowed)
02-20 15:22:04.052 W/tomator2.serve(16096): Accessing hidden method Lsun/misc/Unsafe;->putShort(Ljava/lang/Object;JS)V (greylist, linking, allowed)
02-20 15:22:04.052 W/tomator2.serve(16096): Accessing hidden method Lsun/misc/Unsafe;->setMemory(JJB)V (greylist, linking, allowed)
02-20 15:22:04.052 W/tomator2.serve(16096): Accessing hidden field Ljava/nio/Buffer;->address:J (greylist, reflection, allowed)
02-20 15:22:04.052 W/tomator2.serve(16096): Accessing hidden field Lsun/misc/Unsafe;->theUnsafe:Lsun/misc/Unsafe; (greylist, reflection, allowed)
02-20 15:22:04.053 W/tomator2.serve(16096): Accessing hidden method Lsun/misc/VM;->maxDirectMemory()J (greylist, reflection, allowed)
02-20 15:22:04.062 W/tomator2.serve(16096): Accessing hidden field Lsun/nio/ch/SelectorImpl;->selectedKeys:Ljava/util/Set; (greylist, reflection, allowed)
02-20 15:22:04.062 W/tomator2.serve(16096): Accessing hidden field Lsun/nio/ch/SelectorImpl;->publicSelectedKeys:Ljava/util/Set; (greylist, reflection, allowed)
02-20 15:22:04.079 W/Thread-6(16096): type=1400 audit(0.0:255718): avc: denied { read } for name="somaxconn" dev="proc" ino=12312981 scontext=u:r:untrusted_app_27:s0:c4,c257,c512,c768 tcontext=u:object_r:proc_net:s0 tclass=file permissive=0
02-20 15:22:04.806 I/appium  (16096): channel read: GET /wd/hub/status
02-20 15:22:04.807 I/appium  (16096): Status command
02-20 15:22:04.822 I/appium  (16096): AppiumResponse: {"sessionId":"None","value":{"message":"UiAutomator2 Server is ready to accept commands","ready":true}}
02-20 15:22:04.830 I/appium  (16096): channel read: POST /wd/hub/session
02-20 15:22:04.831 I/appium  (16096): NewSession command
02-20 15:22:04.840 W/tomator2.serve(16096): Accessing hidden field Landroid/app/UiAutomation;->mOnAccessibilityEventListener:Landroid/app/UiAutomation$OnAccessibilityEventListener; (greylist-max-o, reflection, allowed)
02-20 15:22:04.841 I/appium  (16096): Created the new session with id 54fead29-45d6-4f70-a2ca-3a2f53e2041e and capabilities {appPackage=com.qiwu.watch, noReset=false, ensureWebviewsHavePages=true, connectHardwareKeyboard=true, deviceName=4d06665b, fullReset=false, platform=LINUX, deviceUDID=4d06665b, desired={platformName=Android, deviceName=4d06665b, noReset=false, fullReset=false, appPackage=com.qiwu.watch, appActivity=com.qiwu.app.module.LaunchActivity, ensureWebviewsHavePages=true, nativeWebScreenshot=true, newCommandTimeout=3600.0, connectHardwareKeyboard=true, unicodeKeyboard=true, resetKeyboard=true, automationName=uiautomator2, skipServerInstallation=true, skipDeviceInitialization=true}, nativeWebScreenshot=true, newCommandTimeout=3600.0, webStorageEnabled=false, automationName=uiautomator2, takesScreenshot=true, javascriptEnabled=true, unicodeKeyboard=true, skipServerInstallation=true, platformName=Android, resetKeyboard=true, networkConnectionEnabled=true, warnings={}, databaseEnabled=false, appActivity=com.qiwu.app.module.LaunchActivity, locationContextEnabled=false, skipDeviceInitialization=true}
02-20 15:22:04.846 I/appium  (16096): AppiumResponse: {"sessionId":"54fead29-45d6-4f70-a2ca-3a2f53e2041e","value":{"capabilities":{"firstMatch":[{"platform":"LINUX","webStorageEnabled":false,"takesScreenshot":true,"javascriptEnabled":true,"databaseEnabled":false,"networkConnectionEnabled":true,"locationContextEnabled":false,"warnings":{},"desired":{"pl
02-20 15:22:04.859 I/appium  (16096): channel read: GET /wd/hub/session/54fead29-45d6-4f70-a2ca-3a2f53e2041e/appium/device/info
02-20 15:22:04.860 I/appium  (16096): GetDeviceInfo command
02-20 15:22:04.871 W/tomator2.serve(16096): Accessing hidden field Landroid/net/NetworkCapabilities;->mSignalStrength:I (greylist-max-p, reflection, allowed)
02-20 15:22:04.871 W/tomator2.serve(16096): Accessing hidden field Landroid/net/NetworkCapabilities;->mSSID:Ljava/lang/String; (greylist-max-o, reflection, allowed)
02-20 15:22:04.885 I/appium  (16096): AppiumResponse: {"sessionId":"54fead29-45d6-4f70-a2ca-3a2f53e2041e","value":{"androidId":"57b9632acff6e5e6","apiVersion":"29","bluetooth":{"state":"ON"},"brand":"vivo","carrierName":"","displayDensity":480,"locale":"zh_CN","manufacturer":"vivo","model":"vivo NEX A","networks":[{"capabilities":{"SSID":null,"linkDown
02-20 15:22:05.591 I/chatty  (16141): uid=10334(com.qiwu.watch) ping expire 369 lines
02-20 15:22:05.842 I/chatty  (16141): uid=10334(com.qiwu.watch) ping expire 11 lines
02-20 15:22:05.848 I/chatty  (16141): uid=10334(com.qiwu.watch) ping expire 11 lines
02-20 15:22:05.919 W/pool-1-thread-1(16141): type=1400 audit(0.0:255829): avc: denied { read } for name="u:object_r:nfc_qcom_prop:s0" dev="tmpfs" ino=22910 scontext=u:r:untrusted_app:s0:c78,c257,c512,c768 tcontext=u:object_r:nfc_qcom_prop:s0 tclass=file permissive=0
02-20 15:22:05.927 W/SystemConfig(16141): No directory /product_services/etc/sysconfig, skipping
02-20 15:22:05.927 W/SystemConfig(16141): No directory /product_services/etc/permissions, skipping
02-20 15:22:05.927 I/chatty  (16141): uid=10334(com.qiwu.watch) ping expire 5 lines
02-20 15:22:05.973 I/chatty  (16141): uid=10334(com.qiwu.watch) ping expire 3 lines
02-20 15:22:06.070 I/chatty  (16141): uid=10334(com.qiwu.watch) ping expire 2 lines
02-20 15:22:06.315 I/chatty  (16141): uid=10334(com.qiwu.watch) ping expire 2 lines
02-20 15:22:06.385 I/PhoneWindow(16141): initSystemUIColor
02-20 15:22:06.463 I/chatty  (16141): uid=10334(com.qiwu.watch) ping expire 7 lines
02-20 15:22:06.520 I/appium  (16096): channel read: GET /wd/hub/session/54fead29-45d6-4f70-a2ca-3a2f53e2041e/appium/device/pixel_ratio
02-20 15:22:06.520 I/appium  (16096): GetDevicePixelRatio command
02-20 15:22:06.524 I/appium  (16096): AppiumResponse: {"sessionId":"54fead29-45d6-4f70-a2ca-3a2f53e2041e","value":3.0}
02-20 15:22:06.529 I/appium  (16096): channel read: GET /wd/hub/session/54fead29-45d6-4f70-a2ca-3a2f53e2041e/appium/device/system_bars
02-20 15:22:06.529 I/appium  (16096): GetSystemBars command
02-20 15:22:06.531 I/appium  (16096): AppiumResponse: {"sessionId":"54fead29-45d6-4f70-a2ca-3a2f53e2041e","value":{"statusBar":84}}
02-20 15:22:06.534 I/UnicodeIME(30160): onFinishInput: 
02-20 15:22:06.535 I/UnicodeIME(30160): onStartInput
02-20 15:22:06.536 I/appium  (16096): channel read: GET /wd/hub/session/54fead29-45d6-4f70-a2ca-3a2f53e2041e/window/current/size
02-20 15:22:06.536 I/appium  (16096): GetDeviceSize command
02-20 15:22:06.536 I/appium  (16096): Get window size of the device
02-20 15:22:06.540 I/appium  (16096): AppiumResponse: {"sessionId":"54fead29-45d6-4f70-a2ca-3a2f53e2041e","value":{"height":2316,"width":1080}}
02-20 15:22:06.550 I/appium  (16096): channel read: POST /wd/hub/session/54fead29-45d6-4f70-a2ca-3a2f53e2041e/element
02-20 15:22:06.551 I/appium  (16096): FindElement command
02-20 15:22:06.552 I/appium  (16096): method: 'id', selector: 'com.qiwu.watch:id/button_fist'
02-20 15:22:06.553 I/appium  (16096): Waiting up to 10000ms for the device to idle
02-20 15:22:06.579 I/PhoneWindow(16141): initSystemUIColor
02-20 15:22:06.721 I/PhoneWindow(16141): initSystemUIColor
02-20 15:22:06.922 I/UnicodeIME(30160): onFinishInput: 
02-20 15:22:06.922 I/UnicodeIME(30160): onStartInput
02-20 15:22:07.533 W/tomator2.serve(16096): Accessing hidden field Landroid/view/accessibility/AccessibilityNodeInfo;->mSourceNodeId:J (greylist, reflection, allowed)
02-20 15:22:07.537 I/appium  (16096): AppiumResponse: {"sessionId":"54fead29-45d6-4f70-a2ca-3a2f53e2041e","value":{"ELEMENT":"00000000-0000-239d-ffff-ffff00000014","element-6066-11e4-a52e-4f735466cecf":"00000000-0000-239d-ffff-ffff00000014"}}
02-20 15:22:07.544 I/appium  (16096): channel read: POST /wd/hub/session/54fead29-45d6-4f70-a2ca-3a2f53e2041e/element/00000000-0000-239d-ffff-ffff00000014/click
02-20 15:22:07.544 I/appium  (16096): Click command
02-20 15:22:07.611 I/appium  (16096): Waiting up to 10000ms for the device to idle
02-20 15:22:07.614 I/appium  (16096): AppiumResponse: {"sessionId":"54fead29-45d6-4f70-a2ca-3a2f53e2041e","value":null}
02-20 15:22:07.628 I/appium  (16096): channel read: POST /wd/hub/session/54fead29-45d6-4f70-a2ca-3a2f53e2041e/element
02-20 15:22:07.629 I/appium  (16096): FindElement command
02-20 15:22:07.633 I/appium  (16096): method: 'id', selector: 'com.qiwu.watch:id/agreementView'
02-20 15:22:07.633 I/appium  (16096): Waiting up to 10000ms for the device to idle
02-20 15:22:07.636 E/QueryController(16096): Got null root node from accessibility - Retrying...
02-20 15:22:07.651 I/UnicodeIME(30160): onFinishInput: 
02-20 15:22:07.651 I/UnicodeIME(30160): onStartInput
02-20 15:22:07.670 I/chatty  (16141): uid=10334(com.qiwu.watch) ping expire 10 lines
02-20 15:22:07.910 I/appium  (16096): AppiumResponse: {"sessionId":"54fead29-45d6-4f70-a2ca-3a2f53e2041e","value":{"ELEMENT":"00000000-0000-239e-ffff-ffff00000028","element-6066-11e4-a52e-4f735466cecf":"00000000-0000-239e-ffff-ffff00000028"}}
02-20 15:22:07.920 I/appium  (16096): channel read: POST /wd/hub/session/54fead29-45d6-4f70-a2ca-3a2f53e2041e/element/00000000-0000-239e-ffff-ffff00000028/click
02-20 15:22:07.921 I/appium  (16096): Click command
02-20 15:22:08.261 I/appium  (16096): Waiting up to 10000ms for the device to idle
02-20 15:22:08.265 I/appium  (16096): AppiumResponse: {"sessionId":"54fead29-45d6-4f70-a2ca-3a2f53e2041e","value":null}
02-20 15:22:08.282 I/appium  (16096): channel read: POST /wd/hub/session/54fead29-45d6-4f70-a2ca-3a2f53e2041e/element
02-20 15:22:08.283 I/appium  (16096): FindElement command
02-20 15:22:08.286 I/appium  (16096): method: 'id', selector: 'com.qiwu.watch:id/firstTypeLoginView'
02-20 15:22:08.287 I/appium  (16096): Waiting up to 10000ms for the device to idle
02-20 15:22:08.319 I/appium  (16096): AppiumResponse: {"sessionId":"54fead29-45d6-4f70-a2ca-3a2f53e2041e","value":{"ELEMENT":"00000000-0000-239e-ffff-ffff00000024","element-6066-11e4-a52e-4f735466cecf":"00000000-0000-239e-ffff-ffff00000024"}}
02-20 15:22:08.333 I/appium  (16096): channel read: POST /wd/hub/session/54fead29-45d6-4f70-a2ca-3a2f53e2041e/element/00000000-0000-239e-ffff-ffff00000024/click
02-20 15:22:08.334 I/appium  (16096): Click command
02-20 15:22:08.846 I/appium  (16096): Waiting up to 10000ms for the device to idle
02-20 15:22:08.849 I/appium  (16096): AppiumResponse: {"sessionId":"54fead29-45d6-4f70-a2ca-3a2f53e2041e","value":null}
02-20 15:22:08.959 I/chatty  (16226): uid=10334(com.qiwu.watch) getprop expire 1 line
02-20 15:22:08.988 I/chatty  (16141): uid=10334(com.qiwu.watch) ping expire 1 line
02-20 15:22:08.989 I/chatty  (16141): uid=10334(com.qiwu.watch) ping expire 2 lines
02-20 15:22:09.019 W/com.qiwu.watch(16141): type=1400 audit(0.0:256127): avc: denied { read } for name="version" dev="proc" ino=4026532077 scontext=u:r:untrusted_app:s0:c78,c257,c512,c768 tcontext=u:object_r:proc_version:s0 tclass=file permissive=0
02-20 15:22:09.025 I/chatty  (16141): uid=10334(com.qiwu.watch) ping expire 1 line
02-20 15:22:09.026 I/chatty  (16141): uid=10334(com.qiwu.watch) ping expire 3 lines
02-20 15:22:09.032 I/chatty  (16141): uid=10334(com.qiwu.watch) ping expire 5 lines
02-20 15:22:09.049 I/chatty  (16141): uid=10334(com.qiwu.watch) ping expire 2 lines
02-20 15:22:09.057 I/chatty  (16141): uid=10334(com.qiwu.watch) ping expire 1 line
02-20 15:22:09.058 I/chatty  (16141): uid=10334(com.qiwu.watch) ping expire 13 lines
02-20 15:22:09.061 I/chatty  (16141): uid=10334(com.qiwu.watch) ping expire 1 line
02-20 15:22:09.072 I/chatty  (16141): uid=10334(com.qiwu.watch) ping expire 67 lines
02-20 15:22:09.078 I/chatty  (16141): uid=10334(com.qiwu.watch) ping expire 22 lines
02-20 15:22:09.087 I/chatty  (16141): uid=10334(com.qiwu.watch) ping expire 1 line
02-20 15:22:09.101 I/chatty  (16141): uid=10334(com.qiwu.watch) ping expire 50 lines
02-20 15:22:09.124 I/chatty  (16141): uid=10334(com.qiwu.watch) ping expire 77 lines
02-20 15:22:09.149 I/chatty  (16141): uid=10334(com.qiwu.watch) ping expire 23 lines
02-20 15:22:09.167 I/chatty  (16141): uid=10334(com.qiwu.watch) ping expire 5 lines
02-20 15:22:09.171 I/chatty  (16141): uid=10334(com.qiwu.watch) ping expire 12 lines
02-20 15:22:09.178 I/chatty  (16141): uid=10334(com.qiwu.watch) ping expire 1 line
02-20 15:22:09.186 I/chatty  (16141): uid=10334(com.qiwu.watch) ping expire 3 lines
02-20 15:22:09.198 I/chatty  (16141): uid=10334(com.qiwu.watch) ping expire 4 lines
02-20 15:22:09.236 I/chatty  (16141): uid=10334(com.qiwu.watch) ping expire 21 lines
02-20 15:22:09.256 I/chatty  (16141): uid=10334(com.qiwu.watch) ping expire 28 lines
02-20 15:22:09.271 I/chatty  (16141): uid=10334(com.qiwu.watch) ping expire 4 lines
02-20 15:22:09.272 I/chatty  (16141): uid=10334(com.qiwu.watch) ping expire 10 lines
02-20 15:22:09.273 I/chatty  (16141): uid=10334(com.qiwu.watch) ping expire 87 lines
02-20 15:22:09.329 W/adsence-dfp(16141): type=1400 audit(0.0:256128): avc: denied { read } for name="u:object_r:vendor_default_prop:s0" dev="tmpfs" ino=22959 scontext=u:r:untrusted_app:s0:c78,c257,c512,c768 tcontext=u:object_r:vendor_default_prop:s0 tclass=file permissive=0
02-20 15:22:09.329 W/adsence-dfp(16141): type=1400 audit(0.0:256129): avc: denied { read } for name="u:object_r:vendor_default_prop:s0" dev="tmpfs" ino=22959 scontext=u:r:untrusted_app:s0:c78,c257,c512,c768 tcontext=u:object_r:vendor_default_prop:s0 tclass=file permissive=0
02-20 15:22:09.337 I/chatty  (16141): uid=10334(com.qiwu.watch) ping expire 5 lines
02-20 15:22:09.337 I/chatty  (16141): uid=10334(com.qiwu.watch) ping expire 4 lines
02-20 15:22:09.419 W/pool-17-thread-(16141): type=1400 audit(0.0:256130): avc: granted { execute } for path="/data/data/com.qiwu.watch/app_e_qq_com_plugin_40229b6f672cef58a37c9a09e5ee513c/libyaqpro.e9e32e6b.so" dev="dm-3" ino=138348 scontext=u:r:untrusted_app:s0:c78,c257,c512,c768 tcontext=u:object_r:app_data_file:s0:c78,c257,c512,c768 tclass=file
02-20 15:22:09.339 I/chatty  (16141): uid=10334(com.qiwu.watch) ping expire 6 lines
02-20 15:22:09.345 I/chatty  (16141): uid=10334(com.qiwu.watch) ping expire 10 lines
02-20 15:22:09.419 W/pool-17-thread-(16141): type=1400 audit(0.0:256131): avc: granted { execute } for path="/data/data/com.qiwu.watch/app_e_qq_com_plugin_40229b6f672cef58a37c9a09e5ee513c/libyaqbasic.e9e32e6b.so" dev="dm-3" ino=157416 scontext=u:r:untrusted_app:s0:c78,c257,c512,c768 tcontext=u:object_r:app_data_file:s0:c78,c257,c512,c768 tclass=file
02-20 15:22:09.346 I/chatty  (16141): uid=10334(com.qiwu.watch) ping expire 18 lines
02-20 15:22:09.419 W/pool-17-thread-(16141): type=1400 audit(0.0:256132): avc: granted { execute } for path="/data/data/com.qiwu.watch/app_e_qq_com_plugin_40229b6f672cef58a37c9a09e5ee513c/libMMANDKSignature.e9e32e6b.so" dev="dm-3" ino=159897 scontext=u:r:untrusted_app:s0:c78,c257,c512,c768 tcontext=u:object_r:app_data_file:s0:c78,c257,c512,c768 tclass=file
02-20 15:22:09.429 W/pool-17-thread-(16141): type=1400 audit(0.0:256133): avc: granted { execute } for path="/data/data/com.qiwu.watch/app_e_qq_com_plugin_40229b6f672cef58a37c9a09e5ee513c/libturingau.e9e32e6b.so" dev="dm-3" ino=162786 scontext=u:r:untrusted_app:s0:c78,c257,c512,c768 tcontext=u:object_r:app_data_file:s0:c78,c257,c512,c768 tclass=file
02-20 15:22:09.729 W/TuringFdCore_75(16141): type=1400 audit(0.0:256135): avc: denied { read } for name="tcp" dev="proc" ino=4026532101 scontext=u:r:untrusted_app:s0:c78,c257,c512,c768 tcontext=u:object_r:proc_net_tcp_udp:s0 tclass=file permissive=0
02-20 15:22:09.729 W/TuringFdCore_75(16141): type=1400 audit(0.0:256136): avc: denied { read } for name="tcp6" dev="proc" ino=4026532762 scontext=u:r:untrusted_app:s0:c78,c257,c512,c768 tcontext=u:object_r:proc_net_tcp_udp:s0 tclass=file permissive=0
02-20 15:22:09.357 I/chatty  (16141): uid=10334(com.qiwu.watch) ping expire 5 lines
02-20 15:22:09.909 W/TuringFdCore_75(16141): type=1400 audit(0.0:256137): avc: denied { read } for name="version" dev="proc" ino=4026532077 scontext=u:r:untrusted_app:s0:c78,c257,c512,c768 tcontext=u:object_r:proc_version:s0 tclass=file permissive=0
02-20 15:22:09.382 I/chatty  (16141): uid=10334(com.qiwu.watch) ping expire 16 lines
02-20 15:22:09.393 I/chatty  (16141): uid=10334(com.qiwu.watch) ping expire 1 line
02-20 15:22:09.396 I/chatty  (16141): uid=10334(com.qiwu.watch) ping expire 1 line
02-20 15:22:09.426 I/chatty  (16141): uid=10334(com.qiwu.watch) ping expire 14 lines
02-20 15:22:09.435 I/chatty  (16141): uid=10334(com.qiwu.watch) ping expire 2 lines
02-20 15:22:09.959 W/TuringFdCore_75(16141): type=1400 audit(0.0:256153): avc: denied { read } for name="/" dev="dm-0" ino=2 scontext=u:r:untrusted_app:s0:c78,c257,c512,c768 tcontext=u:object_r:rootfs:s0 tclass=dir permissive=0
02-20 15:22:09.969 W/TuringFdCore_75(16141): type=1400 audit(0.0:256154): avc: denied { read } for name="bootstrap" dev="dm-0" ino=4065 scontext=u:r:untrusted_app:s0:c78,c257,c512,c768 tcontext=u:object_r:system_bootstrap_lib_file:s0 tclass=dir permissive=0
02-20 15:22:09.969 W/TuringFdCore_75(16141): type=1400 audit(0.0:256155): avc: denied { getattr } for path="/system/lib/bootstrap" dev="dm-0" ino=4065 scontext=u:r:untrusted_app:s0:c78,c257,c512,c768 tcontext=u:object_r:system_bootstrap_lib_file:s0 tclass=dir permissive=0
02-20 15:22:09.979 W/TuringFdCore_75(16141): type=1400 audit(0.0:256156): avc: denied { getattr } for path="/system/etc/selinux/plat_file_contexts" dev="dm-0" ino=2802 scontext=u:r:untrusted_app:s0:c78,c257,c512,c768 tcontext=u:object_r:file_contexts_file:s0 tclass=file permissive=0
02-20 15:22:09.979 W/TuringFdCore_75(16141): type=1400 audit(0.0:256157): avc: denied { getattr } for path="/system/etc/selinux/plat_sepolicy.cil" dev="dm-0" ino=2807 scontext=u:r:untrusted_app:s0:c78,c257,c512,c768 tcontext=u:object_r:sepolicy_file:s0 tclass=file permissive=0
02-20 15:22:09.979 W/TuringFdCore_75(16141): type=1400 audit(0.0:256158): avc: denied { getattr } for path="/system/etc/selinux/plat_hwservice_contexts" dev="dm-0" ino=2803 scontext=u:r:untrusted_app:s0:c78,c257,c512,c768 tcontext=u:object_r:hwservice_contexts_file:s0 tclass=file permissive=0
02-20 15:22:09.979 W/TuringFdCore_75(16141): type=1400 audit(0.0:256159): avc: denied { getattr } for path="/system/etc/selinux/plat_service_contexts" dev="dm-0" ino=2809 scontext=u:r:untrusted_app:s0:c78,c257,c512,c768 tcontext=u:object_r:service_contexts_file:s0 tclass=file permissive=0
02-20 15:22:09.979 W/TuringFdCore_75(16141): type=1400 audit(0.0:256160): avc: denied { getattr } for path="/system/etc/selinux/plat_seapp_contexts" dev="dm-0" ino=2806 scontext=u:r:untrusted_app:s0:c78,c257,c512,c768 tcontext=u:object_r:seapp_contexts_file:s0 tclass=file permissive=0
02-20 15:22:09.979 W/TuringFdCore_75(16141): type=1400 audit(0.0:256161): avc: denied { getattr } for path="/system/etc/selinux/plat_mac_permissions.xml" dev="dm-0" ino=2804 scontext=u:r:untrusted_app:s0:c78,c257,c512,c768 tcontext=u:object_r:mac_perms_file:s0 tclass=file permissive=0
02-20 15:22:09.979 W/TuringFdCore_75(16141): type=1400 audit(0.0:256162): avc: denied { getattr } for path="/system/etc/cgroups.json" dev="dm-0" ino=2411 scontext=u:r:untrusted_app:s0:c78,c257,c512,c768 tcontext=u:object_r:cgroup_desc_file:s0 tclass=file permissive=0
02-20 15:22:09.989 W/TuringFdCore_75(16141): type=1400 audit(0.0:256163): avc: denied { read } for name="bootstrap" dev="dm-0" ino=4940 scontext=u:r:untrusted_app:s0:c78,c257,c512,c768 tcontext=u:object_r:system_bootstrap_lib_file:s0 tclass=dir permissive=0
02-20 15:22:09.989 W/TuringFdCore_75(16141): type=1400 audit(0.0:256164): avc: denied { getattr } for path="/system/lib64/bootstrap" dev="dm-0" ino=4940 scontext=u:r:untrusted_app:s0:c78,c257,c512,c768 tcontext=u:object_r:system_bootstrap_lib_file:s0 tclass=dir permissive=0
02-20 15:22:09.999 W/TuringFdCore_75(16141): type=1400 audit(0.0:256165): avc: denied { getattr } for path="/system/bin/install-recovery.sh" dev="dm-0" ino=1675 scontext=u:r:untrusted_app:s0:c78,c257,c512,c768 tcontext=u:object_r:install_recovery_exec:s0 tclass=file permissive=0
02-20 15:22:09.999 W/TuringFdCore_75(16141): type=1400 audit(0.0:256166): avc: denied { read } for name="enforce" dev="selinuxfs" ino=4 scontext=u:r:untrusted_app:s0:c78,c257,c512,c768 tcontext=u:object_r:selinuxfs:s0 tclass=file permissive=0
02-20 15:22:09.999 W/TuringFdCore_75(16141): type=1400 audit(0.0:256167): avc: denied { read } for name="bootstrap" dev="dm-0" ino=4940 scontext=u:r:untrusted_app:s0:c78,c257,c512,c768 tcontext=u:object_r:system_bootstrap_lib_file:s0 tclass=dir permissive=0
02-20 15:22:09.999 W/TuringFdCore_75(16141): type=1400 audit(0.0:256168): avc: denied { read } for name="u:object_r:firstboot_prop:s0" dev="tmpfs" ino=22879 scontext=u:r:untrusted_app:s0:c78,c257,c512,c768 tcontext=u:object_r:firstboot_prop:s0 tclass=file permissive=0
02-20 15:22:10.004 I/chatty  (16141): uid=10334(com.qiwu.watch) ping expire 1 line
02-20 15:22:10.401 I/chatty  (16141): uid=10334(com.qiwu.watch) ping expire 30 lines
02-20 15:22:10.465 I/PhoneWindow(16141): initSystemUIColor
02-20 15:22:10.524 I/chatty  (16141): uid=10334(com.qiwu.watch) ping expire 13 lines
02-20 15:22:10.550 I/chatty  (16141): uid=10334(com.qiwu.watch) ping expire 19 lines
02-20 15:22:10.558 I/chatty  (16141): uid=10334(com.qiwu.watch) ping expire 6 lines
02-20 15:22:10.602 I/chatty  (16141): uid=10334(com.qiwu.watch) ping expire 32 lines
02-20 15:22:10.725 I/chatty  (16141): uid=10334(com.qiwu.watch) ping expire 2 lines
02-20 15:22:10.741 I/chatty  (16141): uid=10334(com.qiwu.watch) ping expire 1 line
02-20 15:22:10.744 I/chatty  (16141): uid=10334(com.qiwu.watch) ping expire 1 line
02-20 15:22:10.761 I/chatty  (16141): uid=10334(com.qiwu.watch) ping expire 3 lines
02-20 15:22:10.811 I/UnicodeIME(30160): onFinishInput: 
02-20 15:22:10.811 I/UnicodeIME(30160): onStartInput
02-20 15:22:10.849 I/chatty  (16141): uid=10334(com.qiwu.watch) ping expire 4 lines
02-20 15:22:10.864 I/chatty  (16141): uid=10334(com.qiwu.watch) ping expire 14 lines
02-20 15:22:10.879 W/Thread-32(16141): type=1400 audit(0.0:256173): avc: denied { read } for name="diskstats" dev="proc" ino=4026532134 scontext=u:r:untrusted_app:s0:c78,c257,c512,c768 tcontext=u:object_r:proc_diskstats:s0 tclass=file permissive=0
02-20 15:22:10.983 I/chatty  (16141): uid=10334(com.qiwu.watch) ping expire 3 lines
02-20 15:22:10.984 I/chatty  (16141): uid=10334(com.qiwu.watch) ping expire 4 lines
02-20 15:22:10.986 I/UnicodeIME(30160): onFinishInput: 
02-20 15:22:10.986 I/UnicodeIME(30160): onStartInput
02-20 15:22:11.008 I/chatty  (16141): uid=10334(com.qiwu.watch) ping expire 7 lines
02-20 15:22:11.054 I/chatty  (16141): uid=10334(com.qiwu.watch) ping expire 10 lines
02-20 15:22:11.136 I/chatty  (16141): uid=10334(com.qiwu.watch) ping expire 29 lines
02-20 15:22:11.182 I/chatty  (16141): uid=10334(com.qiwu.watch) ping expire 49 lines
02-20 15:22:11.189 W/csj_log (16141): type=1400 audit(0.0:256174): avc: granted { execute } for path="/data/data/com.qiwu.watch/files/pangle_p/com.byted.pangle/version-4708/lib/libkeva.so" dev="dm-3" ino=139797 scontext=u:r:untrusted_app:s0:c78,c257,c512,c768 tcontext=u:object_r:app_data_file:s0:c78,c257,c512,c768 tclass=file
02-20 15:22:11.201 I/chatty  (16141): uid=10334(com.qiwu.watch) ping expire 35 lines
02-20 15:22:11.207 I/chatty  (16141): uid=10334(com.qiwu.watch) ping expire 23 lines
02-20 15:22:11.254 I/PhoneWindow(16141): initSystemUIColor
02-20 15:22:11.266 I/chatty  (16141): uid=10334(com.qiwu.watch) ping expire 3 lines
02-20 15:22:11.279 W/csj_io  (16141): type=1400 audit(0.0:256175): avc: granted { execute } for path="/data/data/com.qiwu.watch/files/pangle_p/com.byted.pangle/version-4708/lib/libPglmetasec_ml.so" dev="dm-3" ino=140617 scontext=u:r:untrusted_app:s0:c78,c257,c512,c768 tcontext=u:object_r:app_data_file:s0:c78,c257,c512,c768 tclass=file
02-20 15:22:11.319 I/chatty  (16141): uid=10334(com.qiwu.watch) ping expire 31 lines
02-20 15:22:11.422 I/chatty  (16141): uid=10334(com.qiwu.watch) ping expire 6 lines
02-20 15:22:11.419 W/csj_io  (16141): type=1400 audit(0.0:256176): avc: granted { execute } for path="/data/data/com.qiwu.watch/files/pangle_p/com.byted.pangle/version-4708/lib/libttmplayer_lite.so" dev="dm-3" ino=139512 scontext=u:r:untrusted_app:s0:c78,c257,c512,c768 tcontext=u:object_r:app_data_file:s0:c78,c257,c512,c768 tclass=file
02-20 15:22:11.434 I/chatty  (16141): uid=10334(com.qiwu.watch) ping expire 33 lines
02-20 15:22:11.455 I/chatty  (16141): uid=10334(com.qiwu.watch) ping expire 57 lines
02-20 15:22:11.449 W/csj_io  (16141): type=1400 audit(0.0:256177): avc: granted { execute } for path="/data/data/com.qiwu.watch/files/pangle_p/com.byted.pangle/version-4708/lib/libavmdl_lite.so" dev="dm-3" ino=157893 scontext=u:r:untrusted_app:s0:c78,c257,c512,c768 tcontext=u:object_r:app_data_file:s0:c78,c257,c512,c768 tclass=file
02-20 15:22:11.463 I/chatty  (16141): uid=10334(com.qiwu.watch) ping expire 4 lines
02-20 15:22:11.470 I/chatty  (16141): uid=10334(com.qiwu.watch) ping expire 6 lines
02-20 15:22:11.471 I/chatty  (16141): uid=10334(com.qiwu.watch) ping expire 1 line
02-20 15:22:11.476 I/chatty  (16141): uid=10334(com.qiwu.watch) ping expire 110 lines
02-20 15:22:11.490 I/chatty  (16141): uid=10334(com.qiwu.watch) ping expire 1 line
02-20 15:22:11.490 I/chatty  (16141): uid=10334(com.qiwu.watch) ping expire 1 line
02-20 15:22:11.491 I/chatty  (16141): uid=10334(com.qiwu.watch) ping expire 1 line
02-20 15:22:11.492 I/chatty  (16141): uid=10334(com.qiwu.watch) ping expire 1 line
02-20 15:22:11.492 I/chatty  (16141): uid=10334(com.qiwu.watch) ping expire 1 line
02-20 15:22:11.495 I/chatty  (16141): uid=10334(com.qiwu.watch) ping expire 1 line
02-20 15:22:11.497 I/chatty  (16141): uid=10334(com.qiwu.watch) ping expire 6 lines
02-20 15:22:11.518 I/chatty  (16141): uid=10334(com.qiwu.watch) ping expire 22 lines
02-20 15:22:11.521 I/chatty  (16141): uid=10334(com.qiwu.watch) ping expire 16 lines
02-20 15:22:11.523 I/chatty  (16141): uid=10334(com.qiwu.watch) ping expire 1 line
02-20 15:22:11.536 I/chatty  (16141): uid=10334(com.qiwu.watch) ping expire 7 lines
02-20 15:22:11.575 I/chatty  (16141): uid=10334(com.qiwu.watch) ping expire 3 lines
02-20 15:22:11.578 I/chatty  (16141): uid=10334(com.qiwu.watch) ping expire 22 lines
02-20 15:22:11.640 I/chatty  (16141): uid=10334(com.qiwu.watch) ping expire 6 lines
02-20 15:22:11.702 I/chatty  (16141): uid=10334(com.qiwu.watch) ping expire 71 lines
02-20 15:22:11.707 I/chatty  (16141): uid=10334(com.qiwu.watch) ping expire 31 lines
02-20 15:22:11.747 I/chatty  (16141): uid=10334(com.qiwu.watch) ping expire 16 lines
02-20 15:22:11.869 W/csj_init(16141): type=1400 audit(0.0:256179): avc: granted { execute } for path="/data/data/com.qiwu.watch/files/pangle_p/com.byted.pangle/version-4708/lib/libmaparmor.so" dev="dm-3" ino=139751 scontext=u:r:untrusted_app:s0:c78,c257,c512,c768 tcontext=u:object_r:app_data_file:s0:c78,c257,c512,c768 tclass=file
02-20 15:22:12.029 I/chatty  (16141): uid=10334(com.qiwu.watch) ping expire 2 lines
02-20 15:22:12.037 I/chatty  (16141): uid=10334(com.qiwu.watch) ping expire 3 lines
02-20 15:22:12.049 W/bd_tracker_n(16141): type=1400 audit(0.0:256180): avc: granted { execute } for path="/data/data/com.qiwu.watch/files/pangle_p/com.byted.pangle/version-4708/lib/libtobEmbedEncrypt.so" dev="dm-3" ino=159924 scontext=u:r:untrusted_app:s0:c78,c257,c512,c768 tcontext=u:object_r:app_data_file:s0:c78,c257,c512,c768 tclass=file
02-20 15:22:12.071 I/chatty  (16141): uid=10334(com.qiwu.watch) ping expire 17 lines
02-20 15:22:12.092 I/chatty  (16141): uid=10334(com.qiwu.watch) ping expire 5 lines
02-20 15:22:12.111 I/chatty  (16141): uid=10334(com.qiwu.watch) ping expire 7 lines
02-20 15:22:12.113 I/chatty  (16141): uid=10334(com.qiwu.watch) ping expire 1 line
02-20 15:22:12.144 I/chatty  (16141): uid=10334(com.qiwu.watch) ping expire 3 lines
02-20 15:22:12.149 W/Thread-51(16141): type=1400 audit(0.0:256181): avc: denied { search } for name="bbkcore" dev="dm-3" ino=68 scontext=u:r:untrusted_app:s0:c78,c257,c512,c768 tcontext=u:object_r:vivo_data_file:s0 tclass=dir permissive=0
02-20 15:22:12.156 I/chatty  (16141): uid=10334(com.qiwu.watch) ping expire 6 lines
02-20 15:22:12.176 I/chatty  (16141): uid=10334(com.qiwu.watch) ping expire 5 lines
02-20 15:22:12.215 I/chatty  (16141): uid=10334(com.qiwu.watch) ping expire 9 lines
02-20 15:22:12.262 I/chatty  (16141): uid=10334(com.qiwu.watch) ping expire 20 lines
02-20 15:22:12.271 I/chatty  (16141): uid=10334(com.qiwu.watch) ping expire 10 lines
02-20 15:22:12.276 I/chatty  (16141): uid=10334(com.qiwu.watch) ping expire 13 lines
02-20 15:22:12.278 I/chatty  (16141): uid=10334(com.qiwu.watch) ping expire 16 lines
02-20 15:22:12.286 I/chatty  (16141): uid=10334(com.qiwu.watch) ping expire 10 lines
02-20 15:22:12.305 I/chatty  (16141): uid=10334(com.qiwu.watch) ping expire 15 lines
02-20 15:22:12.309 I/chatty  (16141): uid=10334(com.qiwu.watch) ping expire 12 lines
02-20 15:22:12.309 I/chatty  (16141): uid=10334(com.qiwu.watch) ping expire 12 lines
02-20 15:22:12.331 I/chatty  (16141): uid=10334(com.qiwu.watch) ping expire 16 lines
02-20 15:22:12.370 I/chatty  (16141): uid=10334(com.qiwu.watch) ping expire 12 lines
02-20 15:22:12.359 W/pool-28-thread-(16141): type=1400 audit(0.0:256182): avc: granted { execute } for path="/data/data/com.qiwu.watch/files/.2/lib/6.1.1/-2008998847/arm64-v8a/libweapon611.so" dev="dm-3" ino=139190 scontext=u:r:untrusted_app:s0:c78,c257,c512,c768 tcontext=u:object_r:app_data_file:s0:c78,c257,c512,c768 tclass=file
02-20 15:22:12.359 W/pool-28-thread-(16141): type=1400 audit(0.0:256183): avc: denied { ioctl } for path="socket:[14107892]" dev="sockfs" ino=14107892 ioctlcmd=0x8927 scontext=u:r:untrusted_app:s0:c78,c257,c512,c768 tcontext=u:r:untrusted_app:s0:c78,c257,c512,c768 tclass=tcp_socket permissive=0
02-20 15:22:12.359 W/pool-28-thread-(16141): type=1400 audit(0.0:256184): avc: denied { ioctl } for path="socket:[14107893]" dev="sockfs" ino=14107893 ioctlcmd=0x8927 scontext=u:r:untrusted_app:s0:c78,c257,c512,c768 tcontext=u:r:untrusted_app:s0:c78,c257,c512,c768 tclass=tcp_socket permissive=0
02-20 15:22:12.381 I/chatty  (16141): uid=10334(com.qiwu.watch) ping expire 12 lines
02-20 15:22:12.388 I/chatty  (16141): uid=10334(com.qiwu.watch) ping expire 26 lines
02-20 15:22:12.404 I/chatty  (16141): uid=10334(com.qiwu.watch) ping expire 15 lines
02-20 15:22:12.430 I/chatty  (16141): uid=10334(com.qiwu.watch) ping expire 13 lines
02-20 15:22:12.435 I/chatty  (16141): uid=10334(com.qiwu.watch) ping expire 10 lines
02-20 15:22:12.449 I/chatty  (16141): uid=10334(com.qiwu.watch) ping expire 11 lines
02-20 15:22:12.530 I/chatty  (16141): uid=10334(com.qiwu.watch) ping expire 3 lines
02-20 15:22:12.569 I/chatty  (16718): uid=10334(com.qiwu.watch) expire 1 line
02-20 15:22:12.579 W/pool-28-thread-(16141): type=1400 audit(0.0:256186): avc: denied { read } for name="u:object_r:serialno_prop:s0" dev="tmpfs" ino=22929 scontext=u:r:untrusted_app:s0:c78,c257,c512,c768 tcontext=u:object_r:serialno_prop:s0 tclass=file permissive=0
02-20 15:22:12.579 W/pool-28-thread-(16141): type=1400 audit(0.0:256187): avc: denied { read } for name="u:object_r:bluetooth_prop:s0" dev="tmpfs" ino=22792 scontext=u:r:untrusted_app:s0:c78,c257,c512,c768 tcontext=u:object_r:bluetooth_prop:s0 tclass=file permissive=0
02-20 15:22:12.579 W/pool-28-thread-(16141): type=1400 audit(0.0:256188): avc: denied { search } for name="net" dev="sysfs" ino=39460 scontext=u:r:untrusted_app:s0:c78,c257,c512,c768 tcontext=u:object_r:sysfs_net:s0 tclass=dir permissive=0
02-20 15:22:12.579 W/pool-28-thread-(16141): type=1400 audit(0.0:256189): avc: denied { read } for name="u:object_r:bluetooth_prop:s0" dev="tmpfs" ino=22792 scontext=u:r:untrusted_app:s0:c78,c257,c512,c768 tcontext=u:object_r:bluetooth_prop:s0 tclass=file permissive=0
02-20 15:22:12.579 W/pool-28-thread-(16141): type=1400 audit(0.0:256190): avc: denied { read } for name="u:object_r:persist_camera_prop:s0" dev="tmpfs" ino=22914 scontext=u:r:untrusted_app:s0:c78,c257,c512,c768 tcontext=u:object_r:persist_camera_prop:s0 tclass=file permissive=0
02-20 15:22:12.589 W/pool-28-thread-(16141): type=1400 audit(0.0:256191): avc: denied { read } for name="u:object_r:serialno_prop:s0" dev="tmpfs" ino=22929 scontext=u:r:untrusted_app:s0:c78,c257,c512,c768 tcontext=u:object_r:serialno_prop:s0 tclass=file permissive=0
02-20 15:22:12.589 W/pool-28-thread-(16141): type=1400 audit(0.0:256192): avc: denied { read } for name="u:object_r:bluetooth_prop:s0" dev="tmpfs" ino=22792 scontext=u:r:untrusted_app:s0:c78,c257,c512,c768 tcontext=u:object_r:bluetooth_prop:s0 tclass=file permissive=0
02-20 15:22:12.589 W/pool-28-thread-(16141): type=1400 audit(0.0:256193): avc: denied { search } for name="net" dev="sysfs" ino=39460 scontext=u:r:untrusted_app:s0:c78,c257,c512,c768 tcontext=u:object_r:sysfs_net:s0 tclass=dir permissive=0
02-20 15:22:12.609 W/pool-28-thread-(16141): type=1400 audit(0.0:256194): avc: denied { read } for name="u:object_r:serialno_prop:s0" dev="tmpfs" ino=22929 scontext=u:r:untrusted_app:s0:c78,c257,c512,c768 tcontext=u:object_r:serialno_prop:s0 tclass=file permissive=0
02-20 15:22:12.609 W/pool-28-thread-(16141): type=1400 audit(0.0:256195): avc: denied { read } for name="u:object_r:serialno_prop:s0" dev="tmpfs" ino=22929 scontext=u:r:untrusted_app:s0:c78,c257,c512,c768 tcontext=u:object_r:serialno_prop:s0 tclass=file permissive=0
02-20 15:22:12.619 W/pool-28-thread-(16141): type=1400 audit(0.0:256196): avc: denied { read } for name="u:object_r:bootloader_boot_reason_prop:s0" dev="tmpfs" ino=22793 scontext=u:r:untrusted_app:s0:c78,c257,c512,c768 tcontext=u:object_r:bootloader_boot_reason_prop:s0 tclass=file permissive=0
02-20 15:22:12.619 W/pool-28-thread-(16141): type=1400 audit(0.0:256197): avc: denied { read } for name="u:object_r:firstboot_prop:s0" dev="tmpfs" ino=22879 scontext=u:r:untrusted_app:s0:c78,c257,c512,c768 tcontext=u:object_r:firstboot_prop:s0 tclass=file permissive=0
02-20 15:22:12.619 W/pool-28-thread-(16141): type=1400 audit(0.0:256198): avc: denied { search } for name="pem" dev="proc" ino=4026532722 scontext=u:r:untrusted_app:s0:c78,c257,c512,c768 tcontext=u:object_r:proc_pem:s0 tclass=dir permissive=0
02-20 15:22:12.619 W/pool-28-thread-(16141): type=1400 audit(0.0:256199): avc: denied { search } for name="sla" dev="proc" ino=4026532795 scontext=u:r:untrusted_app:s0:c78,c257,c512,c768 tcontext=u:object_r:qti_proc_sla:s0 tclass=dir permissive=0
02-20 15:22:12.668 I/chatty  (16141): uid=10334(com.qiwu.watch) ping expire 3 lines
02-20 15:22:12.678 I/chatty  (16141): uid=10334(com.qiwu.watch) ping expire 3 lines
02-20 15:22:12.619 W/pool-28-thread-(16141): type=1400 audit(0.0:256200): avc: denied { search } for name="asound" dev="proc" ino=4026532035 scontext=u:r:untrusted_app:s0:c78,c257,c512,c768 tcontext=u:object_r:proc_asound:s0 tclass=dir permissive=0
02-20 15:22:12.739 W/pool-28-thread-(16141): type=1400 audit(0.0:256201): avc: denied { read } for name="devices" dev="sysfs" ino=37826 scontext=u:r:untrusted_app:s0:c78,c257,c512,c768 tcontext=u:object_r:sysfs:s0 tclass=dir permissive=0
02-20 15:22:12.739 W/pool-28-thread-(16141): type=1400 audit(0.0:256202): avc: denied { read } for name="android_usb" dev="sysfs" ino=50936 scontext=u:r:untrusted_app:s0:c78,c257,c512,c768 tcontext=u:object_r:sysfs_android_usb:s0 tclass=dir permissive=0
02-20 15:22:12.749 W/pool-28-thread-(16141): type=1400 audit(0.0:256203): avc: denied { read } for name="unix" dev="proc" ino=4026532109 scontext=u:r:untrusted_app:s0:c78,c257,c512,c768 tcontext=u:object_r:proc_net:s0 tclass=file permissive=0
02-20 15:22:12.859 W/pool-28-thread-(16141): type=1400 audit(0.0:256204): avc: denied { search } for name="pem" dev="proc" ino=4026532722 scontext=u:r:untrusted_app:s0:c78,c257,c512,c768 tcontext=u:object_r:proc_pem:s0 tclass=dir permissive=0
02-20 15:22:12.773 I/chatty  (16141): uid=10334(com.qiwu.watch) ping expire 3 lines
02-20 15:22:12.774 I/chatty  (16141): uid=10334(com.qiwu.watch) ping expire 3 lines
02-20 15:22:12.859 W/pool-28-thread-(16141): type=1400 audit(0.0:256205): avc: denied { search } for name="sla" dev="proc" ino=4026532795 scontext=u:r:untrusted_app:s0:c78,c257,c512,c768 tcontext=u:object_r:qti_proc_sla:s0 tclass=dir permissive=0
02-20 15:22:13.117 I/chatty  (16141): uid=10334(com.qiwu.watch) ping expire 14 lines
02-20 15:22:13.263 I/chatty  (16141): uid=10334(com.qiwu.watch) ping expire 7 lines
02-20 15:22:12.859 W/pool-28-thread-(16141): type=1400 audit(0.0:256206): avc: denied { search } for name="asound" dev="proc" ino=4026532035 scontext=u:r:untrusted_app:s0:c78,c257,c512,c768 tcontext=u:object_r:proc_asound:s0 tclass=dir permissive=0
02-20 15:22:12.859 W/pool-28-thread-(16141): type=1400 audit(0.0:256207): avc: denied { read } for name="tcp" dev="proc" ino=4026532101 scontext=u:r:untrusted_app:s0:c78,c257,c512,c768 tcontext=u:object_r:proc_net_tcp_udp:s0 tclass=file permissive=0
02-20 15:22:12.899 W/pool-28-thread-(16141): type=1400 audit(0.0:256264): avc: denied { read } for name="osrelease" dev="proc" ino=12318173 scontext=u:r:untrusted_app:s0:c78,c257,c512,c768 tcontext=u:object_r:proc:s0 tclass=file permissive=0
02-20 15:22:12.979 W/pool-28-thread-(16141): type=1400 audit(0.0:256273): avc: denied { read } for name="servicemanager" dev="dm-0" ino=1835 scontext=u:r:untrusted_app:s0:c78,c257,c512,c768 tcontext=u:object_r:servicemanager_exec:s0 tclass=file permissive=0
02-20 15:22:13.319 W/pool-28-thread-(16141): type=1400 audit(0.0:256284): avc: denied { read } for name="drivers" dev="proc" ino=4026531853 scontext=u:r:untrusted_app:s0:c78,c257,c512,c768 tcontext=u:object_r:proc_tty_drivers:s0 tclass=file permissive=0
02-20 15:22:13.489 W/pool-28-thread-(16141): type=1400 audit(0.0:256285): avc: denied { read } for name="android_usb" dev="sysfs" ino=50936 scontext=u:r:untrusted_app:s0:c78,c257,c512,c768 tcontext=u:object_r:sysfs_android_usb:s0 tclass=dir permissive=0
02-20 15:22:13.489 W/pool-28-thread-(16141): type=1400 audit(0.0:256286): avc: denied { read } for name="devices" dev="proc" ino=4026532137 scontext=u:r:untrusted_app:s0:c78,c257,c512,c768 tcontext=u:object_r:proc:s0 tclass=file permissive=0
02-20 15:22:13.539 W/pool-28-thread-(16141): type=1400 audit(0.0:256288): avc: denied { search } for name="usb" dev="sysfs" ino=62722 scontext=u:r:untrusted_app:s0:c78,c257,c512,c768 tcontext=u:object_r:sysfs_usb_supply:s0 tclass=dir permissive=0
02-20 15:22:13.549 W/pool-28-thread-(16141): type=1400 audit(0.0:256289): avc: denied { getattr } for path="/proc/buddyinfo" dev="proc" ino=4026532122 scontext=u:r:untrusted_app:s0:c78,c257,c512,c768 tcontext=u:object_r:proc_buddyinfo:s0 tclass=file permissive=0
02-20 15:22:13.549 W/pool-28-thread-(16141): type=1400 audit(0.0:256290): avc: denied { getattr } for path="/proc/devices" dev="proc" ino=4026532069 scontext=u:r:untrusted_app:s0:c78,c257,c512,c768 tcontext=u:object_r:proc:s0 tclass=file permissive=0
02-20 15:22:13.549 W/pool-28-thread-(16141): type=1400 audit(0.0:256291): avc: denied { getattr } for path="/proc/cmdline" dev="proc" ino=4026532066 scontext=u:r:untrusted_app:s0:c78,c257,c512,c768 tcontext=u:object_r:proc_cmdline:s0 tclass=file permissive=0
02-20 15:22:13.549 W/pool-28-thread-(16141): type=1400 audit(0.0:256292): avc: denied { getattr } for path="/proc/crypto" dev="proc" ino=4026532133 scontext=u:r:untrusted_app:s0:c78,c257,c512,c768 tcontext=u:object_r:proc:s0 tclass=file permissive=0
02-20 15:22:13.549 W/pool-28-thread-(16141): type=1400 audit(0.0:256293): avc: denied { getattr } for path="/proc/execdomains" dev="proc" ino=4026532111 scontext=u:r:untrusted_app:s0:c78,c257,c512,c768 tcontext=u:object_r:proc:s0 tclass=file permissive=0
02-20 15:22:13.549 W/pool-28-thread-(16141): type=1400 audit(0.0:256294): avc: denied { getattr } for path="/proc/filesystems" dev="proc" ino=4026532128 scontext=u:r:untrusted_app:s0:c78,c257,c512,c768 tcontext=u:object_r:proc_filesystems:s0 tclass=file permissive=0
02-20 15:22:13.549 W/pool-28-thread-(16141): type=1400 audit(0.0:256295): avc: denied { getattr } for path="/proc/fb" dev="proc" ino=4026531964 scontext=u:r:untrusted_app:s0:c78,c257,c512,c768 tcontext=u:object_r:proc:s0 tclass=file permissive=0
02-20 15:22:13.549 W/pool-28-thread-(16141): type=1400 audit(0.0:256296): avc: denied { getattr } for path="/proc/interrupts" dev="proc" ino=4026532070 scontext=u:r:untrusted_app:s0:c78,c257,c512,c768 tcontext=u:object_r:proc_interrupts:s0 tclass=file permissive=0
02-20 15:22:13.549 W/pool-28-thread-(16141): type=1400 audit(0.0:256297): avc: denied { getattr } for path="/proc/bus/input/devices" dev="proc" ino=4026531991 scontext=u:r:untrusted_app:s0:c78,c257,c512,c768 tcontext=u:object_r:proc:s0 tclass=file permissive=0
02-20 15:22:13.549 W/pool-28-thread-(16141): type=1400 audit(0.0:256298): avc: denied { getattr } for path="/proc/ioports" dev="proc" ino=4026532112 scontext=u:r:untrusted_app:s0:c78,c257,c512,c768 tcontext=u:object_r:proc:s0 tclass=file permissive=0
02-20 15:22:13.549 W/pool-28-thread-(16141): type=1400 audit(0.0:256299): avc: denied { getattr } for path="/proc/version" dev="proc" ino=4026532077 scontext=u:r:untrusted_app:s0:c78,c257,c512,c768 tcontext=u:object_r:proc_version:s0 tclass=file permissive=0
02-20 15:22:13.549 W/pool-28-thread-(16141): type=1400 audit(0.0:256300): avc: denied { getattr } for path="/proc/loadavg" dev="proc" ino=4026532071 scontext=u:r:untrusted_app:s0:c78,c257,c512,c768 tcontext=u:object_r:proc_loadavg:s0 tclass=file permissive=0
02-20 15:22:13.549 W/pool-28-thread-(16141): type=1400 audit(0.0:256301): avc: denied { getattr } for path="/proc/locks" dev="proc" ino=4026532065 scontext=u:r:untrusted_app:s0:c78,c257,c512,c768 tcontext=u:object_r:proc:s0 tclass=file permissive=0
02-20 15:22:13.549 W/pool-28-thread-(16141): type=1400 audit(0.0:256302): avc: denied { getattr } for path="/proc/iomem" dev="proc" ino=4026532113 scontext=u:r:untrusted_app:s0:c78,c257,c512,c768 tcontext=u:object_r:proc_iomem:s0 tclass=file permissive=0
02-20 15:22:13.549 W/pool-28-thread-(16141): type=1400 audit(0.0:256303): avc: denied { getattr } for path="/proc/misc" dev="proc" ino=4026531965 scontext=u:r:untrusted_app:s0:c78,c257,c512,c768 tcontext=u:object_r:proc_misc:s0 tclass=file permissive=0
