02-20 15:22:13.549 W/pool-28-thread-(16141): type=1400 audit(0.0:256304): avc: denied { getattr } for path="/proc/partitions" dev="proc" ino=4026532135 scontext=u:r:untrusted_app:s0:c78,c257,c512,c768 tcontext=u:object_r:proc:s0 tclass=file permissive=0
02-20 15:22:13.549 W/pool-28-thread-(16141): type=1400 audit(0.0:256305): avc: denied { getattr } for path="/proc/bus/pci/devices" dev="proc" ino=4026532137 scontext=u:r:untrusted_app:s0:c78,c257,c512,c768 tcontext=u:object_r:proc:s0 tclass=file permissive=0
02-20 15:22:13.549 W/pool-28-thread-(16141): type=1400 audit(0.0:256306): avc: denied { getattr } for path="/proc/stat" dev="proc" ino=4026532075 scontext=u:r:untrusted_app:s0:c78,c257,c512,c768 tcontext=u:object_r:proc_stat:s0 tclass=file permissive=0
02-20 15:22:13.549 W/pool-28-thread-(16141): type=1400 audit(0.0:256307): avc: denied { getattr } for path="/proc/swaps" dev="proc" ino=4026532127 scontext=u:r:untrusted_app:s0:c78,c257,c512,c768 tcontext=u:object_r:proc_swaps:s0 tclass=file permissive=0
02-20 15:22:13.549 W/pool-28-thread-(16141): type=1400 audit(0.0:256308): avc: denied { getattr } for path="/proc/sys/net/ipv4/tcp_syncookies" dev="proc" ino=12324134 scontext=u:r:untrusted_app:s0:c78,c257,c512,c768 tcontext=u:object_r:proc_net:s0 tclass=file permissive=0
02-20 15:22:13.549 W/pool-28-thread-(16141): type=1400 audit(0.0:256309): avc: denied { getattr } for path="/proc/sys/net/ipv6/conf/default/max_desync_factor" dev="proc" ino=12324138 scontext=u:r:untrusted_app:s0:c78,c257,c512,c768 tcontext=u:object_r:proc_net:s0 tclass=file permissive=0
02-20 15:22:13.549 W/pool-28-thread-(16141): type=1400 audit(0.0:256310): avc: denied { getattr } for path="/proc/sys/net/ipv6/conf/lo/temp_prefered_lft" dev="proc" ino=12324140 scontext=u:r:untrusted_app:s0:c78,c257,c512,c768 tcontext=u:object_r:proc_net:s0 tclass=file permissive=0
02-20 15:22:13.549 W/pool-28-thread-(16141): type=1400 audit(0.0:256311): avc: denied { getattr } for path="/proc/sys/net/ipv6/conf/default/accept_ra_rtr_pref" dev="proc" ino=12324141 scontext=u:r:untrusted_app:s0:c78,c257,c512,c768 tcontext=u:object_r:proc_net:s0 tclass=file permissive=0
02-20 15:22:13.549 W/pool-28-thread-(16141): type=1400 audit(0.0:256312): avc: denied { getattr } for path="/proc/sys/net/ipv6/conf/sit0/temp_valid_lft" dev="proc" ino=12324143 scontext=u:r:untrusted_app:s0:c78,c257,c512,c768 tcontext=u:object_r:proc_net:s0 tclass=file permissive=0
02-20 15:22:13.549 W/pool-28-thread-(16141): type=1400 audit(0.0:256313): avc: denied { getattr } for path="/proc/sys/net/ipv6/conf/sit0/accept_ra_rtr_pref" dev="proc" ino=12324144 scontext=u:r:untrusted_app:s0:c78,c257,c512,c768 tcontext=u:object_r:proc_net:s0 tclass=file permissive=0
02-20 15:22:13.549 W/pool-28-thread-(16141): type=1400 audit(0.0:256314): avc: denied { getattr } for path="/proc/sys/net/ipv6/conf/all/accept_ra_rtr_pref" dev="proc" ino=12324146 scontext=u:r:untrusted_app:s0:c78,c257,c512,c768 tcontext=u:object_r:proc_net:s0 tclass=file permissive=0
02-20 15:22:13.549 W/pool-28-thread-(16141): type=1400 audit(0.0:256315): avc: denied { getattr } for path="/proc/sys/net/ipv6/conf/default/router_probe_interval" dev="proc" ino=12324147 scontext=u:r:untrusted_app:s0:c78,c257,c512,c768 tcontext=u:object_r:proc_net:s0 tclass=file permissive=0
02-20 15:22:13.549 W/pool-28-thread-(16141): type=1400 audit(0.0:256316): avc: denied { getattr } for path="/proc/sys/net/ipv6/conf/all/temp_prefered_lft" dev="proc" ino=12324148 scontext=u:r:untrusted_app:s0:c78,c257,c512,c768 tcontext=u:object_r:proc_net:s0 tclass=file permissive=0
02-20 15:22:13.549 W/pool-28-thread-(16141): type=1400 audit(0.0:256317): avc: denied { getattr } for path="/proc/sys/net/ipv6/conf/all/temp_valid_lft" dev="proc" ino=12324149 scontext=u:r:untrusted_app:s0:c78,c257,c512,c768 tcontext=u:object_r:proc_net:s0 tclass=file permissive=0
02-20 15:22:13.549 W/pool-28-thread-(16141): type=1400 audit(0.0:256318): avc: denied { getattr } for path="/proc/sys/net/ipv6/conf/all/optimistic_dad" dev="proc" ino=12324150 scontext=u:r:untrusted_app:s0:c78,c257,c512,c768 tcontext=u:object_r:proc_net:s0 tclass=file permissive=0
02-20 15:22:13.549 W/pool-28-thread-(16141): type=1400 audit(0.0:256319): avc: denied { getattr } for path="/proc/sys/net/ipv6/conf/sit0/router_probe_interval" dev="proc" ino=12324151 scontext=u:r:untrusted_app:s0:c78,c257,c512,c768 tcontext=u:object_r:proc_net:s0 tclass=file permissive=0
02-20 15:22:13.549 W/pool-28-thread-(16141): type=1400 audit(0.0:256320): avc: denied { getattr } for path="/proc/sys/net/ipv6/conf/default/regen_max_retry" dev="proc" ino=12324152 scontext=u:r:untrusted_app:s0:c78,c257,c512,c768 tcontext=u:object_r:proc_net:s0 tclass=file permissive=0
02-20 15:22:13.549 W/pool-28-thread-(16141): type=1400 audit(0.0:256321): avc: denied { getattr } for path="/proc/sys/net/ipv6/conf/lo/router_probe_interval" dev="proc" ino=12324153 scontext=u:r:untrusted_app:s0:c78,c257,c512,c768 tcontext=u:object_r:proc_net:s0 tclass=file permissive=0
02-20 15:22:13.549 W/pool-28-thread-(16141): type=1400 audit(0.0:256322): avc: denied { getattr } for path="/proc/sys/net/ipv6/conf/default/optimistic_dad" dev="proc" ino=12324154 scontext=u:r:untrusted_app:s0:c78,c257,c512,c768 tcontext=u:object_r:proc_net:s0 tclass=file permissive=0
02-20 15:22:13.549 W/pool-28-thread-(16141): type=1400 audit(0.0:256323): avc: denied { getattr } for path="/proc/sys/net/ipv6/conf/lo/regen_max_retry" dev="proc" ino=12324155 scontext=u:r:untrusted_app:s0:c78,c257,c512,c768 tcontext=u:object_r:proc_net:s0 tclass=file permissive=0
02-20 15:22:13.549 W/pool-28-thread-(16141): type=1400 audit(0.0:256324): avc: denied { getattr } for path="/proc/sys/net/ipv6/conf/all/max_desync_factor" dev="proc" ino=12324156 scontext=u:r:untrusted_app:s0:c78,c257,c512,c768 tcontext=u:object_r:proc_net:s0 tclass=file permissive=0
02-20 15:22:13.549 W/pool-28-thread-(16141): type=1400 audit(0.0:256325): avc: denied { getattr } for path="/proc/sys/net/ipv6/conf/sit0/temp_prefered_lft" dev="proc" ino=12324157 scontext=u:r:untrusted_app:s0:c78,c257,c512,c768 tcontext=u:object_r:proc_net:s0 tclass=file permissive=0
02-20 15:22:13.549 W/pool-28-thread-(16141): type=1400 audit(0.0:256326): avc: denied { getattr } for path="/proc/sys/net/ipv6/conf/default/temp_prefered_lft" dev="proc" ino=12324158 scontext=u:r:untrusted_app:s0:c78,c257,c512,c768 tcontext=u:object_r:proc_net:s0 tclass=file permissive=0
02-20 15:22:13.549 W/pool-28-thread-(16141): type=1400 audit(0.0:256327): avc: denied { getattr } for path="/proc/sys/net/ipv6/conf/sit0/use_tempaddr" dev="proc" ino=12324159 scontext=u:r:untrusted_app:s0:c78,c257,c512,c768 tcontext=u:object_r:proc_net:s0 tclass=file permissive=0
02-20 15:22:13.549 W/pool-28-thread-(16141): type=1400 audit(0.0:256328): avc: denied { getattr } for path="/proc/sys/net/ipv6/conf/lo/max_desync_factor" dev="proc" ino=12324160 scontext=u:r:untrusted_app:s0:c78,c257,c512,c768 tcontext=u:object_r:proc_net:s0 tclass=file permissive=0
02-20 15:22:13.549 W/pool-28-thread-(16141): type=1400 audit(0.0:256329): avc: denied { getattr } for path="/proc/sys/net/ipv6/conf/sit0/optimistic_dad" dev="proc" ino=12324161 scontext=u:r:untrusted_app:s0:c78,c257,c512,c768 tcontext=u:object_r:proc_net:s0 tclass=file permissive=0
02-20 15:22:13.549 W/pool-28-thread-(16141): type=1400 audit(0.0:256330): avc: denied { getattr } for path="/proc/sys/net/ipv6/conf/sit0/max_desync_factor" dev="proc" ino=12324162 scontext=u:r:untrusted_app:s0:c78,c257,c512,c768 tcontext=u:object_r:proc_net:s0 tclass=file permissive=0
02-20 15:22:13.549 W/pool-28-thread-(16141): type=1400 audit(0.0:256331): avc: denied { search } for name="asound" dev="proc" ino=4026532035 scontext=u:r:untrusted_app:s0:c78,c257,c512,c768 tcontext=u:object_r:proc_asound:s0 tclass=dir permissive=0
02-20 15:22:13.549 W/pool-28-thread-(16141): type=1400 audit(0.0:256332): avc: denied { getattr } for path="/proc/sys/net/netfilter/nf_conntrack_sctp_timeout_cookie_wait" dev="proc" ino=12324165 scontext=u:r:untrusted_app:s0:c78,c257,c512,c768 tcontext=u:object_r:proc_net:s0 tclass=file permissive=0
02-20 15:22:13.549 W/pool-28-thread-(16141): type=1400 audit(0.0:256333): avc: denied { search } for name="asound" dev="proc" ino=4026532035 scontext=u:r:untrusted_app:s0:c78,c257,c512,c768 tcontext=u:object_r:proc_asound:s0 tclass=dir permissive=0
02-20 15:22:13.549 W/pool-28-thread-(16141): type=1400 audit(0.0:256334): avc: denied { getattr } for path="/proc/sys/net/ipv4/conf/wlan0/log_martians" dev="proc" ino=12324169 scontext=u:r:untrusted_app:s0:c78,c257,c512,c768 tcontext=u:object_r:proc_net:s0 tclass=file permissive=0
02-20 15:22:13.549 W/pool-28-thread-(16141): type=1400 audit(0.0:256335): avc: denied { search } for name="ram4" dev="sysfs" ino=47213 scontext=u:r:untrusted_app:s0:c78,c257,c512,c768 tcontext=u:object_r:sysfs_devices_block:s0 tclass=dir permissive=0
02-20 15:22:13.549 W/pool-28-thread-(16141): type=1400 audit(0.0:256336): avc: denied { search } for name="asound" dev="proc" ino=4026532035 scontext=u:r:untrusted_app:s0:c78,c257,c512,c768 tcontext=u:object_r:proc_asound:s0 tclass=dir permissive=0
02-20 15:22:13.549 W/pool-28-thread-(16141): type=1400 audit(0.0:256337): avc: denied { getattr } for path="/sys/module/bluetooth/parameters/disable_ertm" dev="sysfs" ino=34733 scontext=u:r:untrusted_app:s0:c78,c257,c512,c768 tcontext=u:object_r:sysfs:s0 tclass=file permissive=0
02-20 15:22:13.549 W/pool-28-thread-(16141): type=1400 audit(0.0:256338): avc: denied { getattr } for path="/proc/sys/net/ipv4/neigh/wlan0/retrans_time_ms" dev="proc" ino=12324171 scontext=u:r:untrusted_app:s0:c78,c257,c512,c768 tcontext=u:object_r:proc_net:s0 tclass=file permissive=0
02-20 15:22:13.549 W/pool-28-thread-(16141): type=1400 audit(0.0:256339): avc: denied { getattr } for path="/proc/sys/net/ipv4/conf/wlan0/accept_source_route" dev="proc" ino=12324172 scontext=u:r:untrusted_app:s0:c78,c257,c512,c768 tcontext=u:object_r:proc_net:s0 tclass=file permissive=0
02-20 15:22:13.549 W/pool-28-thread-(16141): type=1400 audit(0.0:256340): avc: denied { getattr } for path="/proc/sys/net/ipv6/neigh/wlan0/base_reachable_time" dev="proc" ino=12324175 scontext=u:r:untrusted_app:s0:c78,c257,c512,c768 tcontext=u:object_r:proc_net:s0 tclass=file permissive=0
02-20 15:22:13.549 W/pool-28-thread-(16141): type=1400 audit(0.0:256341): avc: denied { getattr } for path="/proc/sys/net/ipv6/conf/wlan0/accept_dad" dev="proc" ino=12324177 scontext=u:r:untrusted_app:s0:c78,c257,c512,c768 tcontext=u:object_r:proc_net:s0 tclass=file permissive=0
02-20 15:22:13.549 W/pool-28-thread-(16141): type=1400 audit(0.0:256342): avc: denied { getattr } for path="/proc/sys/net/ipv4/conf/wlan0/accept_redirects" dev="proc" ino=12324178 scontext=u:r:untrusted_app:s0:c78,c257,c512,c768 tcontext=u:object_r:proc_net:s0 tclass=file permissive=0
02-20 15:22:13.549 W/pool-28-thread-(16141): type=1400 audit(0.0:256343): avc: denied { getattr } for path="/proc/sys/net/ipv4/conf/wlan0/src_valid_mark" dev="proc" ino=12324179 scontext=u:r:untrusted_app:s0:c78,c257,c512,c768 tcontext=u:object_r:proc_net:s0 tclass=file permissive=0
02-20 15:22:13.549 W/pool-28-thread-(16141): type=1400 audit(0.0:256344): avc: denied { getattr } for path="/proc/sys/net/ipv6/neigh/wlan0/retrans_time_ms" dev="proc" ino=12324180 scontext=u:r:untrusted_app:s0:c78,c257,c512,c768 tcontext=u:object_r:proc_net:s0 tclass=file permissive=0
02-20 15:22:13.549 W/pool-28-thread-(16141): type=1400 audit(0.0:256345): avc: denied { getattr } for path="/proc/sys/net/ipv4/conf/wlan0/rp_filter" dev="proc" ino=12324181 scontext=u:r:untrusted_app:s0:c78,c257,c512,c768 tcontext=u:object_r:proc_net:s0 tclass=file permissive=0
02-20 15:22:13.549 W/pool-28-thread-(16141): type=1400 audit(0.0:256346): avc: denied { getattr } for path="/proc/sys/net/ipv4/conf/wlan0/forwarding" dev="proc" ino=12324182 scontext=u:r:untrusted_app:s0:c78,c257,c512,c768 tcontext=u:object_r:proc_net:s0 tclass=file permissive=0
02-20 15:22:13.549 W/pool-28-thread-(16141): type=1400 audit(0.0:256347): avc: denied { getattr } for path="/proc/sys/net/ipv6/neigh/wlan0/delay_first_probe_time" dev="proc" ino=12324183 scontext=u:r:untrusted_app:s0:c78,c257,c512,c768 tcontext=u:object_r:proc_net:s0 tclass=file permissive=0
02-20 15:22:13.549 W/pool-28-thread-(16141): type=1400 audit(0.0:256348): avc: denied { getattr } for path="/proc/sys/net/ipv6/conf/wlan0/max_addresses" dev="proc" ino=12324184 scontext=u:r:untrusted_app:s0:c78,c257,c512,c768 tcontext=u:object_r:proc_net:s0 tclass=file permissive=0
02-20 15:22:13.549 W/pool-28-thread-(16141): type=1400 audit(0.0:256349): avc: denied { getattr } for path="/proc/sys/vm/extfrag_threshold" dev="proc" ino=12324185 scontext=u:r:untrusted_app:s0:c78,c257,c512,c768 tcontext=u:object_r:proc:s0 tclass=file permissive=0
02-20 15:22:13.549 W/pool-28-thread-(16141): type=1400 audit(0.0:256350): avc: denied { getattr } for path="/proc/sys/net/ipv6/conf/wlan0/disable_ipv6" dev="proc" ino=12324186 scontext=u:r:untrusted_app:s0:c78,c257,c512,c768 tcontext=u:object_r:proc_net:s0 tclass=file permissive=0
02-20 15:22:13.549 W/pool-28-thread-(16141): type=1400 audit(0.0:256351): avc: denied { getattr } for path="/sys/module/snd/parameters/slots" dev="sysfs" ino=34619 scontext=u:r:untrusted_app:s0:c78,c257,c512,c768 tcontext=u:object_r:sysfs:s0 tclass=file permissive=0
02-20 15:22:13.549 W/pool-28-thread-(16141): type=1400 audit(0.0:256352): avc: denied { getattr } for path="/proc/sys/net/ipv6/neigh/wlan0/unres_qlen" dev="proc" ino=12324187 scontext=u:r:untrusted_app:s0:c78,c257,c512,c768 tcontext=u:object_r:proc_net:s0 tclass=file permissive=0
02-20 15:22:13.549 W/pool-28-thread-(16141): type=1400 audit(0.0:256353): avc: denied { getattr } for path="/proc/sys/net/ipv6/conf/wlan0/hop_limit" dev="proc" ino=12324188 scontext=u:r:untrusted_app:s0:c78,c257,c512,c768 tcontext=u:object_r:proc_net:s0 tclass=file permissive=0
02-20 15:22:13.549 W/pool-28-thread-(16141): type=1400 audit(0.0:256354): avc: denied { getattr } for path="/proc/sys/net/ipv4/neigh/wlan0/locktime" dev="proc" ino=12324189 scontext=u:r:untrusted_app:s0:c78,c257,c512,c768 tcontext=u:object_r:proc_net:s0 tclass=file permissive=0
02-20 15:22:13.549 W/pool-28-thread-(16141): type=1400 audit(0.0:256355): avc: denied { getattr } for path="/sys/module/snd_timer/parameters/timer_limit" dev="sysfs" ino=34624 scontext=u:r:untrusted_app:s0:c78,c257,c512,c768 tcontext=u:object_r:sysfs:s0 tclass=file permissive=0
02-20 15:22:13.549 W/pool-28-thread-(16141): type=1400 audit(0.0:256356): avc: denied { getattr } for path="/proc/sys/net/ipv6/conf/wlan0/accept_ra_rtr_pref" dev="proc" ino=12324190 scontext=u:r:untrusted_app:s0:c78,c257,c512,c768 tcontext=u:object_r:proc_net:s0 tclass=file permissive=0
02-20 15:22:13.801 I/UnicodeIME(30160): onFinishInput: 
02-20 15:22:13.801 I/UnicodeIME(30160): onStartInput
02-20 15:22:13.817 I/chatty  (16141): uid=10334(com.qiwu.watch) ping expire 3 lines
02-20 15:22:13.871 I/chatty  (16141): uid=10334(com.qiwu.watch) ping expire 5 lines
02-20 15:22:13.963 I/chatty  (16141): uid=10334(com.qiwu.watch) ping expire 4 lines
02-20 15:22:13.759 W/pool-28-thread-(16141): type=1400 audit(0.0:256420): avc: denied { read } for name="tcp" dev="proc" ino=4026532101 scontext=u:r:untrusted_app:s0:c78,c257,c512,c768 tcontext=u:object_r:proc_net_tcp_udp:s0 tclass=file permissive=0
02-20 15:22:13.879 W/pool-28-thread-(16141): type=1400 audit(0.0:256423): avc: denied { read } for name="input" dev="tmpfs" ino=2757 scontext=u:r:untrusted_app:s0:c78,c257,c512,c768 tcontext=u:object_r:input_device:s0 tclass=dir permissive=0
02-20 15:22:13.879 W/pool-28-thread-(16141): type=1400 audit(0.0:256424): avc: denied { read } for name="tcp" dev="proc" ino=4026532101 scontext=u:r:untrusted_app:s0:c78,c257,c512,c768 tcontext=u:object_r:proc_net_tcp_udp:s0 tclass=file permissive=0
02-20 15:22:13.879 W/pool-28-thread-(16141): type=1400 audit(0.0:256425): avc: denied { read } for name="arp" dev="proc" ino=4026532089 scontext=u:r:untrusted_app:s0:c78,c257,c512,c768 tcontext=u:object_r:proc_net:s0 tclass=file permissive=0
02-20 15:22:13.879 W/pool-28-thread-(16141): type=1400 audit(0.0:256426): avc: denied { read } for name="version" dev="proc" ino=4026532077 scontext=u:r:untrusted_app:s0:c78,c257,c512,c768 tcontext=u:object_r:proc_version:s0 tclass=file permissive=0
02-20 15:22:13.879 W/pool-28-thread-(16141): type=1400 audit(0.0:256427): avc: denied { read } for name="unix" dev="proc" ino=4026532109 scontext=u:r:untrusted_app:s0:c78,c257,c512,c768 tcontext=u:object_r:proc_net:s0 tclass=file permissive=0
02-20 15:22:13.879 W/pool-28-thread-(16141): type=1400 audit(0.0:256428): avc: denied { read } for name="arp" dev="proc" ino=4026532089 scontext=u:r:untrusted_app:s0:c78,c257,c512,c768 tcontext=u:object_r:proc_net:s0 tclass=file permissive=0
02-20 15:22:13.879 W/pool-28-thread-(16141): type=1400 audit(0.0:256429): avc: denied { read } for name="tcp" dev="proc" ino=4026532101 scontext=u:r:untrusted_app:s0:c78,c257,c512,c768 tcontext=u:object_r:proc_net_tcp_udp:s0 tclass=file permissive=0
02-20 15:22:14.043 I/chatty  (16141): uid=10334(com.qiwu.watch) ping expire 13 lines
02-20 15:22:14.079 W/pool-28-thread-(16141): type=1400 audit(0.0:256431): avc: denied { read } for name="unix" dev="proc" ino=4026532109 scontext=u:r:untrusted_app:s0:c78,c257,c512,c768 tcontext=u:object_r:proc_net:s0 tclass=file permissive=0
02-20 15:22:14.089 W/pool-28-thread-(16141): type=1400 audit(0.0:256432): avc: denied { search } for name="pem" dev="proc" ino=4026532722 scontext=u:r:untrusted_app:s0:c78,c257,c512,c768 tcontext=u:object_r:proc_pem:s0 tclass=dir permissive=0
02-20 15:22:14.089 W/pool-28-thread-(16141): type=1400 audit(0.0:256433): avc: denied { search } for name="sla" dev="proc" ino=4026532795 scontext=u:r:untrusted_app:s0:c78,c257,c512,c768 tcontext=u:object_r:qti_proc_sla:s0 tclass=dir permissive=0
02-20 15:22:14.089 W/pool-28-thread-(16141): type=1400 audit(0.0:256434): avc: denied { search } for name="asound" dev="proc" ino=4026532035 scontext=u:r:untrusted_app:s0:c78,c257,c512,c768 tcontext=u:object_r:proc_asound:s0 tclass=dir permissive=0
02-20 15:22:14.089 W/pool-28-thread-(16141): type=1400 audit(0.0:256435): avc: denied { read } for name="enforce" dev="selinuxfs" ino=4 scontext=u:r:untrusted_app:s0:c78,c257,c512,c768 tcontext=u:object_r:selinuxfs:s0 tclass=file permissive=0
02-20 15:22:14.089 W/pool-28-thread-(16141): type=1400 audit(0.0:256436): avc: denied { search } for name="usb" dev="sysfs" ino=62722 scontext=u:r:untrusted_app:s0:c78,c257,c512,c768 tcontext=u:object_r:sysfs_usb_supply:s0 tclass=dir permissive=0
02-20 15:22:14.099 W/pool-28-thread-(16141): type=1400 audit(0.0:256437): avc: denied { read } for name="tcp" dev="proc" ino=4026532101 scontext=u:r:untrusted_app:s0:c78,c257,c512,c768 tcontext=u:object_r:proc_net_tcp_udp:s0 tclass=file permissive=0
02-20 15:22:14.129 W/pool-28-thread-(16141): type=1400 audit(0.0:256438): avc: denied { read } for name="unix" dev="proc" ino=4026532109 scontext=u:r:untrusted_app:s0:c78,c257,c512,c768 tcontext=u:object_r:proc_net:s0 tclass=file permissive=0
02-20 15:22:14.129 W/pool-28-thread-(16141): type=1400 audit(0.0:256439): avc: denied { read } for name="unix" dev="proc" ino=4026532109 scontext=u:r:untrusted_app:s0:c78,c257,c512,c768 tcontext=u:object_r:proc_net:s0 tclass=file permissive=0
02-20 15:22:14.129 W/pool-28-thread-(16141): type=1400 audit(0.0:256440): avc: denied { read } for name="tcp" dev="proc" ino=4026532101 scontext=u:r:untrusted_app:s0:c78,c257,c512,c768 tcontext=u:object_r:proc_net_tcp_udp:s0 tclass=file permissive=0
02-20 15:22:14.209 I/chatty  (16799): uid=10334(com.qiwu.watch) netstat expire 7 lines
02-20 15:22:14.229 I/chatty  (16803): uid=10334(com.qiwu.watch) getprop expire 1 line
02-20 15:22:14.239 I/chatty  (16141): uid=10334(com.qiwu.watch) ping expire 3 lines
02-20 15:22:14.246 I/chatty  (16141): uid=10334(com.qiwu.watch) ping expire 7 lines
02-20 15:22:14.296 I/chatty  (16141): uid=10334(com.qiwu.watch) ping expire 1 line
02-20 15:22:14.298 I/chatty  (16141): uid=10334(com.qiwu.watch) ping expire 13 lines
02-20 15:22:14.351 I/chatty  (16141): uid=10334(com.qiwu.watch) ping expire 12 lines
02-20 15:22:14.446 I/chatty  (16141): uid=10334(com.qiwu.watch) ping expire 4 lines
02-20 15:22:14.469 I/chatty  (16821): uid=10334(com.qiwu.watch) expire 1 line
02-20 15:22:14.506 I/chatty  (16141): uid=10334(com.qiwu.watch) ping expire 24 lines
02-20 15:22:14.499 W/pool-28-thread-(16141): type=1400 audit(0.0:256451): avc: denied { read } for name="input" dev="tmpfs" ino=2757 scontext=u:r:untrusted_app:s0:c78,c257,c512,c768 tcontext=u:object_r:input_device:s0 tclass=dir permissive=0
02-20 15:22:14.499 W/pool-28-thread-(16141): type=1400 audit(0.0:256452): avc: denied { read } for name="tcp" dev="proc" ino=4026532101 scontext=u:r:untrusted_app:s0:c78,c257,c512,c768 tcontext=u:object_r:proc_net_tcp_udp:s0 tclass=file permissive=0
02-20 15:22:14.499 W/pool-28-thread-(16141): type=1400 audit(0.0:256453): avc: denied { read } for name="arp" dev="proc" ino=4026532089 scontext=u:r:untrusted_app:s0:c78,c257,c512,c768 tcontext=u:object_r:proc_net:s0 tclass=file permissive=0
02-20 15:22:14.499 W/pool-28-thread-(16141): type=1400 audit(0.0:256454): avc: denied { read } for name="version" dev="proc" ino=4026532077 scontext=u:r:untrusted_app:s0:c78,c257,c512,c768 tcontext=u:object_r:proc_version:s0 tclass=file permissive=0
02-20 15:22:14.499 W/pool-28-thread-(16141): type=1400 audit(0.0:256455): avc: denied { read } for name="unix" dev="proc" ino=4026532109 scontext=u:r:untrusted_app:s0:c78,c257,c512,c768 tcontext=u:object_r:proc_net:s0 tclass=file permissive=0
02-20 15:22:14.499 W/pool-28-thread-(16141): type=1400 audit(0.0:256456): avc: denied { read } for name="arp" dev="proc" ino=4026532089 scontext=u:r:untrusted_app:s0:c78,c257,c512,c768 tcontext=u:object_r:proc_net:s0 tclass=file permissive=0
02-20 15:22:14.499 W/pool-28-thread-(16141): type=1400 audit(0.0:256457): avc: denied { read } for name="tcp" dev="proc" ino=4026532101 scontext=u:r:untrusted_app:s0:c78,c257,c512,c768 tcontext=u:object_r:proc_net_tcp_udp:s0 tclass=file permissive=0
02-20 15:22:14.549 W/pool-28-thread-(16141): type=1400 audit(0.0:256461): avc: denied { read } for name="unix" dev="proc" ino=4026532109 scontext=u:r:untrusted_app:s0:c78,c257,c512,c768 tcontext=u:object_r:proc_net:s0 tclass=file permissive=0
02-20 15:22:14.549 W/pool-28-thread-(16141): type=1400 audit(0.0:256462): avc: denied { search } for name="pem" dev="proc" ino=4026532722 scontext=u:r:untrusted_app:s0:c78,c257,c512,c768 tcontext=u:object_r:proc_pem:s0 tclass=dir permissive=0
02-20 15:22:14.549 W/pool-28-thread-(16141): type=1400 audit(0.0:256463): avc: denied { search } for name="sla" dev="proc" ino=4026532795 scontext=u:r:untrusted_app:s0:c78,c257,c512,c768 tcontext=u:object_r:qti_proc_sla:s0 tclass=dir permissive=0
02-20 15:22:14.549 W/pool-28-thread-(16141): type=1400 audit(0.0:256464): avc: denied { search } for name="asound" dev="proc" ino=4026532035 scontext=u:r:untrusted_app:s0:c78,c257,c512,c768 tcontext=u:object_r:proc_asound:s0 tclass=dir permissive=0
02-20 15:22:14.549 W/pool-28-thread-(16141): type=1400 audit(0.0:256465): avc: denied { read } for name="enforce" dev="selinuxfs" ino=4 scontext=u:r:untrusted_app:s0:c78,c257,c512,c768 tcontext=u:object_r:selinuxfs:s0 tclass=file permissive=0
02-20 15:22:14.549 W/pool-28-thread-(16141): type=1400 audit(0.0:256466): avc: denied { search } for name="usb" dev="sysfs" ino=62722 scontext=u:r:untrusted_app:s0:c78,c257,c512,c768 tcontext=u:object_r:sysfs_usb_supply:s0 tclass=dir permissive=0
02-20 15:22:15.029 W/ksad-Sodler-1(16141): type=1400 audit(0.0:256467): avc: granted { execute } for path="/data/data/com.qiwu.watch/app_sodler/sotk-v8a/3.3.24.2/lib/libc++_shared.so" dev="dm-3" ino=138450 scontext=u:r:untrusted_app:s0:c78,c257,c512,c768 tcontext=u:object_r:app_data_file:s0:c78,c257,c512,c768 tclass=file
02-20 15:22:15.029 W/ksad-Sodler-1(16141): type=1400 audit(0.0:256468): avc: granted { execute } for path="/data/data/com.qiwu.watch/app_sodler/sotk-v8a/3.3.24.2/lib/libkwai-v8.so" dev="dm-3" ino=139266 scontext=u:r:untrusted_app:s0:c78,c257,c512,c768 tcontext=u:object_r:app_data_file:s0:c78,c257,c512,c768 tclass=file
02-20 15:22:15.039 W/ksad-Sodler-1(16141): type=1400 audit(0.0:256469): avc: granted { execute } for path="/data/data/com.qiwu.watch/app_sodler/sotk-v8a/3.3.24.2/lib/libtk_runtime_v0_0_8.so" dev="dm-3" ino=139274 scontext=u:r:untrusted_app:s0:c78,c257,c512,c768 tcontext=u:object_r:app_data_file:s0:c78,c257,c512,c768 tclass=file
02-20 15:22:15.049 W/ksad-Sodler-1(16141): type=1400 audit(0.0:256470): avc: granted { execute } for path="/data/data/com.qiwu.watch/app_sodler/sotk-v8a/3.3.24.2/lib/libkwad-fb.so" dev="dm-3" ino=139273 scontext=u:r:untrusted_app:s0:c78,c257,c512,c768 tcontext=u:object_r:app_data_file:s0:c78,c257,c512,c768 tclass=file
02-20 15:22:15.049 W/ksad-Sodler-1(16141): type=1400 audit(0.0:256471): avc: granted { execute } for path="/data/data/com.qiwu.watch/app_sodler/sotk-v8a/3.3.24.2/lib/libkwad-yoga.so" dev="dm-3" ino=139416 scontext=u:r:untrusted_app:s0:c78,c257,c512,c768 tcontext=u:object_r:app_data_file:s0:c78,c257,c512,c768 tclass=file
02-20 15:22:15.069 W/glide-disk-cach(16141): type=1400 audit(0.0:256472): avc: denied { search } for name="bbkcore" dev="dm-3" ino=68 scontext=u:r:untrusted_app:s0:c78,c257,c512,c768 tcontext=u:object_r:vivo_data_file:s0 tclass=dir permissive=0
02-20 15:22:15.074 I/chatty  (16141): uid=10334(com.qiwu.watch) ping expire 1 line
02-20 15:22:15.083 I/chatty  (16141): uid=10334(com.qiwu.watch) ping expire 4 lines
02-20 15:22:15.114 I/chatty  (16141): uid=10334(com.qiwu.watch) ping expire 8 lines
02-20 15:22:16.859 I/chatty  (16141): uid=10334(com.qiwu.watch) ping expire 2 lines
02-20 15:22:19.340 I/chatty  (16854): uid=10334(com.qiwu.watch) expire 12 lines
02-20 15:22:19.655 I/chatty  (16854): uid=10334(com.qiwu.watch) expire 2 lines
02-20 15:22:19.775 I/chatty  (16854): uid=10334(com.qiwu.watch) expire 4 lines
02-20 15:22:21.060 I/chatty  (16141): uid=10334(com.qiwu.watch) ping expire 11 lines
02-20 15:22:21.156 I/PhoneWindow(16141): initSystemUIColor
02-20 15:22:21.273 I/UnicodeIME(30160): onFinishInput: 
02-20 15:22:21.273 I/UnicodeIME(30160): onStartInput
02-20 15:22:21.294 I/chatty  (16141): uid=10334(com.qiwu.watch) ping expire 29 lines
02-20 15:22:21.432 I/chatty  (16141): uid=10334(com.qiwu.watch) ping expire 13 lines
02-20 15:22:21.471 I/chatty  (16141): uid=10334(com.qiwu.watch) ping expire 3 lines
02-20 15:22:21.614 I/chatty  (16141): uid=10334(com.qiwu.watch) ping expire 10 lines
02-20 15:22:21.641 I/chatty  (16141): uid=10334(com.qiwu.watch) ping expire 1 line
02-20 15:22:21.639 W/com.qiwu.watch(16141): type=1400 audit(0.0:256473): avc: granted { execute } for path="/data/data/com.qiwu.watch/files/pangle_p/com.byted.pangle/version-4708/lib/liblynx.so" dev="dm-3" ino=162676 scontext=u:r:untrusted_app:s0:c78,c257,c512,c768 tcontext=u:object_r:app_data_file:s0:c78,c257,c512,c768 tclass=file
02-20 15:22:21.841 I/chatty  (16141): uid=10334(com.qiwu.watch) ping expire 5 lines
02-20 15:22:21.843 I/chatty  (16141): uid=10334(com.qiwu.watch) ping expire 3 lines
02-20 15:22:21.849 I/chatty  (16141): uid=10334(com.qiwu.watch) ping expire 40 lines
02-20 15:22:21.933 I/chatty  (16141): uid=10334(com.qiwu.watch) ping expire 6 lines
02-20 15:22:22.199 I/chatty  (16141): uid=10334(com.qiwu.watch) ping expire 1 line
02-20 15:22:24.880 I/appium  (16096): channel read: POST /wd/hub/session/54fead29-45d6-4f70-a2ca-3a2f53e2041e/element
02-20 15:22:24.888 I/appium  (16096): FindElement command
02-20 15:22:24.893 I/chatty  (16854): uid=10334(com.qiwu.watch) expire 1 line
02-20 15:22:24.896 I/appium  (16096): method: 'id', selector: 'com.qiwu.watch:id/positiveView'
02-20 15:22:24.897 I/appium  (16096): Waiting up to 10000ms for the device to idle
02-20 15:22:24.911 I/chatty  (16854): uid=10334(com.qiwu.watch) expire 6 lines
02-20 15:22:24.936 I/appium  (16096): AppiumResponse: {"sessionId":"54fead29-45d6-4f70-a2ca-3a2f53e2041e","value":{"ELEMENT":"00000000-0000-23a4-ffff-ffff00000225","element-6066-11e4-a52e-4f735466cecf":"00000000-0000-23a4-ffff-ffff00000225"}}
02-20 15:22:24.939 I/chatty  (16854): uid=10334(com.qiwu.watch) expire 45 lines
02-20 15:22:24.950 I/appium  (16096): channel read: POST /wd/hub/session/54fead29-45d6-4f70-a2ca-3a2f53e2041e/element/00000000-0000-23a4-ffff-ffff00000225/click
02-20 15:22:24.954 I/appium  (16096): Click command
02-20 15:22:25.020 I/appium  (16096): Waiting up to 10000ms for the device to idle
02-20 15:22:25.024 I/appium  (16096): AppiumResponse: {"sessionId":"54fead29-45d6-4f70-a2ca-3a2f53e2041e","value":null}
02-20 15:22:25.034 I/appium  (16096): channel read: POST /wd/hub/session/54fead29-45d6-4f70-a2ca-3a2f53e2041e/element
02-20 15:22:25.035 I/appium  (16096): FindElement command
02-20 15:22:25.038 I/appium  (16096): method: 'id', selector: 'com.android.permissioncontroller:id/permission_allow_button'
02-20 15:22:25.039 I/appium  (16096): Waiting up to 10000ms for the device to idle
02-20 15:22:25.041 E/QueryController(16096): Got null root node from accessibility - Retrying...
02-20 15:22:25.075 I/UnicodeIME(30160): onFinishInput: 
02-20 15:22:25.075 I/UnicodeIME(30160): onStartInput
02-20 15:22:25.109 I/UnicodeIME(30160): onFinishInput: 
02-20 15:22:25.109 I/UnicodeIME(30160): onStartInput
02-20 15:22:25.209 I/PhoneWindow(16141): initSystemUIColor
02-20 15:22:25.320 I/appium  (16096): AppiumResponse: {"sessionId":"54fead29-45d6-4f70-a2ca-3a2f53e2041e","value":{"error":"no such element","message":"An element could not be located on the page using the given search parameters","stacktrace":"io.appium.uiautomator2.common.exceptions.ElementNotFoundException: An element could not be located on the page using the given search parameters\n\tat io.appium.uiautomator2.handler.FindElement.safeHandle(FindElement.java:70)\n\tat io.appium.uiautomator2.handler.request.SafeRequestHandler.handle(SafeRequestHandler.java:59)\n\tat io.appium.uiautomator2.server.AppiumServlet.handleRequest(AppiumServlet.java:264)\n\tat io.appium.uiautomator2.server.AppiumServlet.handleHttpRequest(AppiumServlet.java:258)\n\tat io.appium.uiautomator2.http.ServerHandler.channelRead(ServerHandler.java:68)\n\tat io.netty.channel.AbstractChannelHandlerContext.invokeChannelRead(AbstractChannelHandlerContext.java:366)\n\tat io.netty.channel.AbstractChannelHandlerContext.invokeChannelRead(AbstractChannelHandlerContext.java:352)\n\tat io.netty.channel.AbstractChannelHandlerContext.fireChannelRead(AbstractChannelHandlerContext.java:345)\n\tat io.netty.handler.codec.MessageToMessageDecoder.channelRead(MessageToMessageDecoder.java:102)\n\tat io.netty.channel.AbstractChannelHandlerContext.invokeChannelRead(AbstractChannelHandlerContext.java:366)\n\tat io.netty.channel.AbstractChannelHandlerContext.invokeChannelRead(AbstractChannelHandlerContext.java:352)\n\tat io.netty.channel.AbstractChannelHandlerContext.fireChannelRead(AbstractChannelHandlerContext.java:345)\n\tat io.netty.channel.CombinedChannelDuplexHandler$DelegatingChannelHandlerContext.fireChannelRead(CombinedChannelDuplexHandler.java:435)\n\tat io.netty.handler.codec.ByteToMessageDecoder.fireChannelRead(ByteToMessageDecoder.java:293)\n\tat io.netty.handler.codec.ByteToMessageDecoder.channelRead(ByteToMessageDecoder.java:267)\n\tat io.netty.channel.CombinedChannelDuplexHandler.channelRead(CombinedChannelDuplexHandler.java:250)\n\tat io.netty.channel.AbstractChannelHandlerContext.invokeChannelRead(AbstractChannelHandlerContext.java:366)\n\tat io.netty.channel.AbstractChannelHandlerContext.invokeChannelRead(AbstractChannelHandlerContext.java:352)\n\tat io.netty.channel.AbstractChannelHandlerContext.fireChannelRead(AbstractChannelHandlerContext.java:345)\n\tat io.netty.handler.timeout.IdleStateHandler.channelRead(IdleStateHandler.java:266)\n\tat io.netty.channel.AbstractChannelHandlerContext.invokeChannelRead(AbstractChannelHandlerContext.java:366)\n\tat io.netty.channel.AbstractChannelHandlerContext.invokeChannelRead(AbstractChannelHandlerContext.java:352)\n\tat io.netty.channel.AbstractChannelHandlerContext.fireChannelRead(AbstractChannelHandlerContext.java:345)\n\tat io.netty.channel.DefaultChannelPipeline$HeadContext.channelRead(DefaultChannelPipeline.java:1294)\n\tat io.netty.channel.AbstractChannelHandlerContext.invokeChannelRead(AbstractChannelHandlerContext.java:366)\n\tat io.netty.channel.AbstractChannelHandlerContext.invokeChannelRead(AbstractChannelHandlerContext.java:352)\n\tat io.netty.channel.DefaultChannelPipeline.fireChannelRead(DefaultChannelPipeline.java:911)\n\tat io.netty.channel.nio.AbstractNioByteChannel$NioByteUnsafe.read(AbstractNioByteChannel.java:131)\n\tat io.netty.channel.nio.NioEventLoop.processSelectedKey(NioEventLoop.java:611)\n\tat io.netty.channel.nio.NioEventLoop.processSelectedKeysOptimized(NioEventLoop.java:552)\n\tat io.netty.channel.nio.NioEventLoop.processSelectedKeys(NioEventLoop.java:466)\n\tat io.netty.channel.nio.NioEventLoop.run(NioEventLoop.java:438)\n\tat io.netty.util.concurrent.SingleThreadEventExecutor$2.run(SingleThreadEventExecutor.java:140)\n\tat io.netty.util.concurrent.DefaultThreadFactory$DefaultRunnableDecorator.run(DefaultThreadFactory.java:144)\n\tat java.lang.Thread.run(Thread.java:919)\n"}}
02-20 15:22:25.412 I/UnicodeIME(30160): onFinishInput: 
02-20 15:22:25.412 I/UnicodeIME(30160): onStartInput
02-20 15:22:25.580 I/chatty  (16141): uid=10334(com.qiwu.watch) ping expire 8 lines
02-20 15:22:25.839 I/appium  (16096): channel read: POST /wd/hub/session/54fead29-45d6-4f70-a2ca-3a2f53e2041e/element
02-20 15:22:25.839 I/appium  (16096): FindElement command
02-20 15:22:25.841 I/appium  (16096): method: 'id', selector: 'com.android.permissioncontroller:id/permission_allow_button'
02-20 15:22:25.841 I/appium  (16096): Waiting up to 10000ms for the device to idle
02-20 15:22:25.906 I/appium  (16096): AppiumResponse: {"sessionId":"54fead29-45d6-4f70-a2ca-3a2f53e2041e","value":{"ELEMENT":"00000000-0000-23a6-ffff-ffff000004e0","element-6066-11e4-a52e-4f735466cecf":"00000000-0000-23a6-ffff-ffff000004e0"}}
02-20 15:22:25.915 I/appium  (16096): channel read: POST /wd/hub/session/54fead29-45d6-4f70-a2ca-3a2f53e2041e/element/00000000-0000-23a6-ffff-ffff000004e0/click
02-20 15:22:25.916 I/appium  (16096): Click command
02-20 15:22:25.952 I/appium  (16096): Waiting up to 10000ms for the device to idle
02-20 15:22:25.953 I/appium  (16096): AppiumResponse: {"sessionId":"54fead29-45d6-4f70-a2ca-3a2f53e2041e","value":null}
02-20 15:22:25.962 I/appium  (16096): channel read: POST /wd/hub/session/54fead29-45d6-4f70-a2ca-3a2f53e2041e/element
02-20 15:22:25.963 I/appium  (16096): FindElement command
02-20 15:22:25.964 I/appium  (16096): method: 'xpath', selector: '//*[contains(@text,"")]'
02-20 15:22:25.964 I/appium  (16096): Waiting up to 10000ms for the device to idle
02-20 15:22:25.966 I/appium  (16096): The following attributes will be included to the page source: [text]
02-20 15:22:26.033 I/UnicodeIME(30160): onFinishInput: 
02-20 15:22:26.034 I/UnicodeIME(30160): onStartInput
02-20 15:22:26.040 I/chatty  (16141): uid=10334(com.qiwu.watch) ping expire 175 lines
02-20 15:22:26.057 I/appium  (16096): Took 1ms to retrieve 0 matches for '//*[contains(@text,"")]' XPath query
02-20 15:22:26.059 I/appium  (16096): AppiumResponse: {"sessionId":"54fead29-45d6-4f70-a2ca-3a2f53e2041e","value":{"error":"no such element","message":"An element could not be located on the page using the given search parameters","stacktrace":"io.appium.uiautomator2.common.exceptions.ElementNotFoundException: An element could not be located on the page using the given search parameters\n\tat io.appium.uiautomator2.handler.FindElement.findElement(FindElement.java:90)\n\tat io.appium.uiautomator2.handler.FindElement.safeHandle(FindElement.java:67)\n\tat io.appium.uiautomator2.handler.request.SafeRequestHandler.handle(SafeRequestHandler.java:59)\n\tat io.appium.uiautomator2.server.AppiumServlet.handleRequest(AppiumServlet.java:264)\n\tat io.appium.uiautomator2.server.AppiumServlet.handleHttpRequest(AppiumServlet.java:258)\n\tat io.appium.uiautomator2.http.ServerHandler.channelRead(ServerHandler.java:68)\n\tat io.netty.channel.AbstractChannelHandlerContext.invokeChannelRead(AbstractChannelHandlerContext.java:366)\n\tat io.netty.channel.AbstractChannelHandlerContext.invokeChannelRead(AbstractChannelHandlerContext.java:352)\n\tat io.netty.channel.AbstractChannelHandlerContext.fireChannelRead(AbstractChannelHandlerContext.java:345)\n\tat io.netty.handler.codec.MessageToMessageDecoder.channelRead(MessageToMessageDecoder.java:102)\n\tat io.netty.channel.AbstractChannelHandlerContext.invokeChannelRead(AbstractChannelHandlerContext.java:366)\n\tat io.netty.channel.AbstractChannelHandlerContext.invokeChannelRead(AbstractChannelHandlerContext.java:352)\n\tat io.netty.channel.AbstractChannelHandlerContext.fireChannelRead(AbstractChannelHandlerContext.java:345)\n\tat io.netty.channel.CombinedChannelDuplexHandler$DelegatingChannelHandlerContext.fireChannelRead(CombinedChannelDuplexHandler.java:435)\n\tat io.netty.handler.codec.ByteToMessageDecoder.fireChannelRead(ByteToMessageDecoder.java:293)\n\tat io.netty.handler.codec.ByteToMessageDecoder.channelRead(ByteToMessageDecoder.java:267)\n\tat io.netty.channel.CombinedChannelDuplexHandler.channelRead(CombinedChannelDuplexHandler.java:250)\n\tat io.netty.channel.AbstractChannelHandlerContext.invokeChannelRead(AbstractChannelHandlerContext.java:366)\n\tat io.netty.channel.AbstractChannelHandlerContext.invokeChannelRead(AbstractChannelHandlerContext.java:352)\n\tat io.netty.channel.AbstractChannelHandlerContext.fireChannelRead(AbstractChannelHandlerContext.java:345)\n\tat io.netty.handler.timeout.IdleStateHandler.channelRead(IdleStateHandler.java:266)\n\tat io.netty.channel.AbstractChannelHandlerContext.invokeChannelRead(AbstractChannelHandlerContext.java:366)\n\tat io.netty.channel.AbstractChannelHandlerContext.invokeChannelRead(AbstractChannelHandlerContext.java:352)\n\tat io.netty.channel.AbstractChannelHandlerContext.fireChannelRead(AbstractChannelHandlerContext.java:345)\n\tat io.netty.channel.DefaultChannelPipeline$HeadContext.channelRead(DefaultChannelPipeline.java:1294)\n\tat io.netty.channel.AbstractChannelHandlerContext.invokeChannelRead(AbstractChannelHandlerContext.java:366)\n\tat io.netty.channel.AbstractChannelHandlerContext.invokeChannelRead(AbstractChannelHandlerContext.java:352)\n\tat io.netty.channel.DefaultChannelPipeline.fireChannelRead(DefaultChannelPipeline.java:911)\n\tat io.netty.channel.nio.AbstractNioByteChannel$NioByteUnsafe.read(AbstractNioByteChannel.java:131)\n\tat io.netty.channel.nio.NioEventLoop.processSelectedKey(NioEventLoop.java:611)\n\tat io.netty.channel.nio.NioEventLoop.processSelectedKeysOptimized(NioEventLoop.java:552)\n\tat io.netty.channel.nio.NioEventLoop.processSelectedKeys(NioEventLoop.java:466)\n\tat io.netty.channel.nio.NioEventLoop.run(NioEventLoop.java:438)\n\tat io.netty.util.concurrent.SingleThreadEventExecutor$2.run(SingleThreadEventExecutor.java:140)\n\tat io.netty.util.concurrent.DefaultThreadFactory$DefaultRunnableDecorator.run(DefaultThreadFactory.java:144)\n\tat java.lang.Thread.run(Thread.java:919)\n"}}
02-20 15:22:26.120 I/chatty  (16141): uid=10334(com.qiwu.watch) ping expire 8 lines
02-20 15:22:26.279 I/chatty  (16141): uid=10334(com.qiwu.watch) ping expire 2 lines
02-20 15:22:26.285 I/UnicodeIME(30160): onFinishInput: 
02-20 15:22:26.285 I/UnicodeIME(30160): onStartInput
02-20 15:22:26.288 I/chatty  (16141): uid=10334(com.qiwu.watch) ping expire 5 lines
02-20 15:22:26.401 I/chatty  (16141): uid=10334(com.qiwu.watch) ping expire 27 lines
02-20 15:22:26.487 I/chatty  (16141): uid=10334(com.qiwu.watch) ping expire 2 lines
02-20 15:22:26.578 I/appium  (16096): channel read: POST /wd/hub/session/54fead29-45d6-4f70-a2ca-3a2f53e2041e/element
02-20 15:22:26.579 I/appium  (16096): FindElement command
02-20 15:22:26.580 I/appium  (16096): method: 'xpath', selector: '//*[contains(@text,"")]'
02-20 15:22:26.580 I/appium  (16096): Waiting up to 10000ms for the device to idle
02-20 15:22:26.839 I/appium  (16096): The following attributes will be included to the page source: [text]
02-20 15:22:26.982 I/chatty  (16141): uid=10334(com.qiwu.watch) ping expire 17 lines
02-20 15:22:27.053 I/appium  (16096): Took 11ms to retrieve 1 matches for '//*[contains(@text,"")]' XPath query
02-20 15:22:27.056 I/appium  (16096): AppiumResponse: {"sessionId":"54fead29-45d6-4f70-a2ca-3a2f53e2041e","value":{"ELEMENT":"00000000-0000-23a1-ffff-ffff000001d5","element-6066-11e4-a52e-4f735466cecf":"00000000-0000-23a1-ffff-ffff000001d5"}}
02-20 15:22:27.064 I/appium  (16096): channel read: POST /wd/hub/session/54fead29-45d6-4f70-a2ca-3a2f53e2041e/element/00000000-0000-23a1-ffff-ffff000001d5/click
02-20 15:22:27.065 I/appium  (16096): Click command
02-20 15:22:27.121 I/appium  (16096): Waiting up to 10000ms for the device to idle
02-20 15:22:27.124 I/appium  (16096): AppiumResponse: {"sessionId":"54fead29-45d6-4f70-a2ca-3a2f53e2041e","value":null}
02-20 15:22:27.205 I/chatty  (16141): uid=10334(com.qiwu.watch) ping expire 16 lines
02-20 15:22:27.275 I/PhoneWindow(16141): initSystemUIColor
02-20 15:22:27.352 I/chatty  (16141): uid=10334(com.qiwu.watch) ping expire 7 lines
02-20 15:22:27.370 I/chatty  (16141): uid=10334(com.qiwu.watch) ping expire 9 lines
02-20 15:22:27.418 I/chatty  (16141): uid=10334(com.qiwu.watch) ping expire 2 lines
02-20 15:22:27.574 I/chatty  (16141): uid=10334(com.qiwu.watch) ping expire 16 lines
02-20 15:22:27.586 I/UnicodeIME(30160): onFinishInput: 
02-20 15:22:27.586 I/UnicodeIME(30160): onStartInput
02-20 15:22:27.844 I/chatty  (16141): uid=10334(com.qiwu.watch) ping expire 1 line
02-20 15:22:27.885 I/chatty  (16141): uid=10334(com.qiwu.watch) ping expire 5 lines
02-20 15:22:28.033 I/chatty  (16141): uid=10334(com.qiwu.watch) ping expire 110 lines
02-20 15:22:28.060 I/chatty  (16141): uid=10334(com.qiwu.watch) ping expire 12 lines
02-20 15:22:28.064 I/chatty  (16141): uid=10334(com.qiwu.watch) ping expire 18 lines
02-20 15:22:28.089 I/chatty  (16141): uid=10334(com.qiwu.watch) ping expire 3 lines
02-20 15:22:28.149 W/csj_io_handler(16141): type=1400 audit(0.0:256474): avc: granted { execute } for path="/data/data/com.qiwu.watch/files/pangle_p/com.byted.pangle/version-4708/lib/libpanglarmor.so" dev="dm-3" ino=132972 scontext=u:r:untrusted_app:s0:c78,c257,c512,c768 tcontext=u:object_r:app_data_file:s0:c78,c257,c512,c768 tclass=file
02-20 15:22:28.284 I/chatty  (16141): uid=10334(com.qiwu.watch) ping expire 27 lines
02-20 15:22:28.295 I/chatty  (16141): uid=10334(com.qiwu.watch) ping expire 21 lines
02-20 15:22:28.437 I/chatty  (16141): uid=10334(com.qiwu.watch) ping expire 16 lines
02-20 15:22:29.227 I/chatty  (16854): uid=10334(com.qiwu.watch) expire 5 lines
02-20 15:22:29.366 I/chatty  (16141): uid=10334(com.qiwu.watch) ping expire 6 lines
02-20 15:22:30.091 I/chatty  (16141): uid=10334(com.qiwu.watch) ping expire 13 lines
02-20 15:22:30.141 I/chatty  (16141): uid=10334(com.qiwu.watch) ping expire 4 lines
02-20 15:22:30.184 I/chatty  (16141): uid=10334(com.qiwu.watch) ping expire 15 lines
02-20 15:22:30.190 I/chatty  (16141): uid=10334(com.qiwu.watch) ping expire 15 lines
02-20 15:22:33.260 I/chatty  (16141): uid=10334(com.qiwu.watch) ping expire 11 lines
02-20 15:22:34.155 I/appium  (16096): channel read: POST /wd/hub/session/54fead29-45d6-4f70-a2ca-3a2f53e2041e/element
02-20 15:22:34.158 I/appium  (16096): FindElement command
02-20 15:22:34.167 I/appium  (16096): method: 'id', selector: 'com.qiwu.watch:id/container'
02-20 15:22:34.169 I/appium  (16096): Waiting up to 10000ms for the device to idle
02-20 15:22:34.261 I/appium  (16096): AppiumResponse: {"sessionId":"54fead29-45d6-4f70-a2ca-3a2f53e2041e","value":{"ELEMENT":"00000000-0000-23a8-ffff-ffff0000023a","element-6066-11e4-a52e-4f735466cecf":"00000000-0000-23a8-ffff-ffff0000023a"}}
02-20 15:22:34.277 I/appium  (16096): channel read: POST /wd/hub/session/54fead29-45d6-4f70-a2ca-3a2f53e2041e/element/00000000-0000-23a8-ffff-ffff0000023a/click
02-20 15:22:34.278 I/appium  (16096): Click command
02-20 15:22:34.859 I/appium  (16096): Waiting up to 10000ms for the device to idle
02-20 15:22:34.863 I/appium  (16096): AppiumResponse: {"sessionId":"54fead29-45d6-4f70-a2ca-3a2f53e2041e","value":null}
02-20 15:22:34.954 I/UnicodeIME(30160): onFinishInput: 
02-20 15:22:34.955 I/UnicodeIME(30160): onStartInput
02-20 15:22:35.222 I/PhoneWindow(16141): initSystemUIColor
02-20 15:22:35.234 I/chatty  (16141): uid=10334(com.qiwu.watch) ping expire 1 line
02-20 15:22:35.257 I/chatty  (16141): uid=10334(com.qiwu.watch) ping expire 26 lines
02-20 15:22:35.263 I/chatty  (16141): uid=10334(com.qiwu.watch) ping expire 8 lines
02-20 15:22:35.289 I/chatty  (16141): uid=10334(com.qiwu.watch) ping expire 23 lines
02-20 15:22:35.320 I/chatty  (16141): uid=10334(com.qiwu.watch) ping expire 4 lines
02-20 15:22:35.328 I/chatty  (16854): uid=10334(com.qiwu.watch) expire 13 lines
02-20 15:22:35.419 I/chatty  ( 1986): uid=1000(system) android.bg expire 12 lines
02-20 15:22:35.432 I/UnicodeIME(30160): onFinishInput: 
02-20 15:22:35.432 I/UnicodeIME(30160): onStartInput
02-20 15:22:35.470 I/chatty  (16141): uid=10334(com.qiwu.watch) ping expire 1 line
02-20 15:22:35.563 I/chatty  (16141): uid=10334(com.qiwu.watch) ping expire 2 lines
02-20 15:22:35.694 I/chatty  (16141): uid=10334(com.qiwu.watch) ping expire 3 lines
02-20 15:22:37.051 I/chatty  (16141): uid=10334(com.qiwu.watch) ping expire 4 lines
02-20 15:22:37.892 I/appium  (16096): channel read: GET /wd/hub/session/54fead29-45d6-4f70-a2ca-3a2f53e2041e/source
02-20 15:22:37.895 I/appium  (16096): Source command
02-20 15:22:37.896 I/appium  (16096): Waiting up to 10000ms for the device to idle
02-20 15:22:38.018 I/appium  (16096): Adding toast message to root: 
02-20 15:22:38.019 W/tomator2.serve(16096): Accessing hidden field Landroid/view/accessibility/AccessibilityNodeInfo;->mSealed:Z (greylist, reflection, allowed)
02-20 15:22:38.042 I/appium  (16096): AppiumResponse: {"sessionId":"54fead29-45d6-4f70-a2ca-3a2f53e2041e","value":"<?xml version='1.0' encoding='UTF-8' standalone='yes' ?>\r\n<hierarchy index=\"0\" class=\"hierarchy\" rotation=\"0\" width=\"1080\" height=\"2316\">\r\n  <android.widget.FrameLayout index=\"0\" package=\"com.qiwu.watch\" class=\"android.w
02-20 15:22:38.058 I/appium  (16096): channel read: GET /wd/hub/session/54fead29-45d6-4f70-a2ca-3a2f53e2041e/screenshot
02-20 15:22:38.059 I/appium  (16096): CaptureScreenshot command
02-20 15:22:38.236 E/libc    (17116): Access denied finding property "ro.vendor.net.upload.benchmark.default"
02-20 15:22:38.236 E/libc    (17116): Access denied finding property "persist.vendor.debug.en.drpcrpt"
02-20 15:22:38.229 W/screencap(17116): type=1400 audit(0.0:256477): avc: denied { read } for name="u:object_r:mm_video_prop:s0" dev="tmpfs" ino=22901 scontext=u:r:shell:s0 tcontext=u:object_r:mm_video_prop:s0 tclass=file permissive=0
02-20 15:22:38.229 W/screencap(17116): type=1400 audit(0.0:256478): avc: denied { read } for name="u:object_r:vendor_default_prop:s0" dev="tmpfs" ino=22959 scontext=u:r:shell:s0 tcontext=u:object_r:vendor_default_prop:s0 tclass=file permissive=0
02-20 15:22:38.254 W/Gralloc3(17116): mapper 3.x is not supported
02-20 15:22:39.026 I/appium  (16096): AppiumResponse: {"sessionId":"54fead29-45d6-4f70-a2ca-3a2f53e2041e","value":"iVBORw0KGgoAAAANSUhEUgAABDgAAAkMCAYAAAASLEj0AAAAAXNSR0IArs4c6QAAAARzQklUCAgI\nCHwIZIgAACAASURBVHic7N17eFTVufjxd4BA5CITIBAgwESQOySAFqzaDPVR0aoknlZPbS0Te5HW\nVuJTWy9HS7TV2lYJVNujPX0k0WP1tBZCW6vWX0moVlAgmXCHAAkQArlPCJdAwqzfH3Sms+c+k7nt\nzPfzP
02-20 15:22:40.427 I/chatty  (16141): uid=10334(com.qiwu.watch) ping expire 1 line
02-20 15:22:51.150 I/appium  (16096): channel read: GET /wd/hub/sessions
02-20 15:22:51.152 I/appium  (16096): GetSessions command
02-20 15:22:51.160 W/tomator2.serve(16096): Accessing hidden method Lsun/misc/Unsafe;->allocateInstance(Ljava/lang/Class;)Ljava/lang/Object; (greylist, reflection, allowed)
02-20 15:22:51.168 I/appium  (16096): AppiumResponse: {"sessionId":"None","value":[{"id":"54fead29-45d6-4f70-a2ca-3a2f53e2041e","capabilities":{"appPackage":"com.qiwu.watch","noReset":false,"ensureWebviewsHavePages":true,"connectHardwareKeyboard":true,"deviceName":"4d06665b","fullReset":false,"platform":"LINUX","deviceUDID":"4d06665b","desired":{"platf
02-20 15:22:51.184 I/appium  (16096): channel read: DELETE /wd/hub/session/54fead29-45d6-4f70-a2ca-3a2f53e2041e
02-20 15:22:51.185 I/appium  (16096): DeleteSession command
02-20 15:22:51.187 I/appium  (16096): Stopping uiautomator2 io.appium.uiautomator2.http io.appium.uiautomator2.server
02-20 15:22:51.192 I/appium  (16096): AppiumResponse: {"sessionId":"54fead29-45d6-4f70-a2ca-3a2f53e2041e","value":null}
02-20 15:22:51.994 I/TestRunner(16096): finished: startServer(io.appium.uiautomator2.server.test.AppiumUiAutomator2Server)
02-20 15:22:52.003 I/TestRunner(16096): run finished: 1 tests, 0 failed, 0 ignored
02-20 15:22:52.014 I/MonitoringInstr(16096): waitForActivitiesToComplete() took: 0ms
02-20 15:22:52.016 E/AndroidRuntime(16096): FATAL EXCEPTION: Instr: androidx.test.runner.AndroidJUnitRunner
02-20 15:22:52.016 E/AndroidRuntime(16096): Process: io.appium.uiautomator2.server, PID: 16096
02-20 15:22:52.016 E/AndroidRuntime(16096): java.lang.IllegalStateException: UiAutomation not connected!
02-20 15:22:52.016 E/AndroidRuntime(16096): 	at android.app.UiAutomation.throwIfNotConnectedLocked(UiAutomation.java:1198)
02-20 15:22:52.016 E/AndroidRuntime(16096): 	at android.app.UiAutomation.disconnect(UiAutomation.java:294)
02-20 15:22:52.016 E/AndroidRuntime(16096): 	at android.app.Instrumentation.finish(Instrumentation.java:262)
